 Academic Section Management

 Timestamp is 65e4e4f3 (Mon Mar 04 02:30:35 2024)

 Preferred load address is 00400000

 Start         Length     Name                   Class
 0001:00000000 00000435H .text$di                CODE
 0001:00000440 0001dd62H .text$mn                CODE
 0001:0001e1a4 000000beH .text$yd                CODE
 0002:00000000 0000012cH .idata$5                DATA
 0002:0000012c 00000004H .CRT$XCA                DATA
 0002:00000130 00000004H .CRT$XCZ                DATA
 0002:00000134 00000004H .CRT$XIA                DATA
 0002:00000138 00000004H .CRT$XIAA               DATA
 0002:0000013c 00000004H .CRT$XIC                DATA
 0002:00000140 00000004H .CRT$XIZ                DATA
 0002:00000144 00000004H .CRTMA$XCA              DATA
 0002:00000148 0000001cH .CRTMA$XCC              DATA
 0002:00000164 00000004H .CRTMA$XCZ              DATA
 0002:00000168 00000004H .CRTMP$XCA              DATA
 0002:0000016c 00000014H .CRTMP$XCU              DATA
 0002:00000180 00000004H .CRTMP$XCZ              DATA
 0002:00000184 00000004H .CRTVT$XCA              DATA
 0002:00000188 00000004H .CRTVT$XCZ              DATA
 0002:00000190 0017d43cH .rdata                  DATA
 0002:0017d5cc 00000084H .rdata$debug            DATA
 0002:0017d650 00000730H .rdata$ilfixup          DATA
 0002:0017dd80 00000340H .rdata$r                DATA
 0002:0017e0c0 00000004H .rdata$sxdata           DATA
 0002:0017e0c4 00000004H .rtc$IAA                DATA
 0002:0017e0c8 00000004H .rtc$IZZ                DATA
 0002:0017e0cc 00000004H .rtc$TAA                DATA
 0002:0017e0d0 00000004H .rtc$TZZ                DATA
 0002:0017e0d8 000000acH .xdata$x                DATA
 0002:0017e184 00000000H .edata                  DATA
 0002:0017e184 00000078H .idata$2                DATA
 0002:0017e1fc 00000014H .idata$3                DATA
 0002:0017e210 0000012cH .idata$4                DATA
 0002:0017e33c 0000052eH .idata$6                DATA
 0003:00000000 00000470H .data                   DATA
 0003:00000470 0000017cH .data$r                 DATA
 0003:000005f0 00001a30H .bss                    DATA
 0004:00000000 00000058H .rsrc$01                DATA
 0004:00000060 00000180H .rsrc$02                DATA

  Address         Publics by Value              Rva+Base       Lib:Object

 0000:00000000       ___guard_flags             00000000     <absolute>
 0000:00000000       ___guard_fids_count        00000000     <absolute>
 0000:00000000       ___guard_fids_table        00000000     <absolute>
 0000:00000000       __except_list              00000000     <absolute>
 0000:00000001       ___safe_se_handler_count   00000001     <absolute>
 0000:00000001       ?IsDefaultDomain@CurrentDomain@<CrtImplementationDetails>@@$$Q2_NA 00000001     <absolute>
 0000:00000004       ?__exit_list_size_app_domain@@$$Q3IA 00000004     <absolute>
 0000:00000004       ?InitializedNative@CurrentDomain@<CrtImplementationDetails>@@$$Q2W4State@Progress@2@A 00000004     <absolute>
 0000:00000004       ?InitializedPerProcess@CurrentDomain@<CrtImplementationDetails>@@$$Q2W4State@Progress@2@A 00000004     <absolute>
 0000:00000004       ?_ref_count@AtExitLock@<CrtImplementationDetails>@@$$Q0HA 00000004     <absolute>
 0000:00000004       ?Uninitialized@CurrentDomain@<CrtImplementationDetails>@@$$Q2HA 00000004     <absolute>
 0000:00000004       ?__onexitend_app_domain@@$$Q3PAP6MXXZA 00000004     <absolute>
 0000:00000004       ?__onexitbegin_app_domain@@$$Q3PAP6MXXZA 00000004     <absolute>
 0000:00000004       ?_lock@AtExitLock@<CrtImplementationDetails>@@$$Q0PAXA 00000004     <absolute>
 0000:00000004       ?InitializedPerAppDomain@CurrentDomain@<CrtImplementationDetails>@@$$Q2W4State@Progress@2@A 00000004     <absolute>
 0000:00000004       ?InitializedVtables@CurrentDomain@<CrtImplementationDetails>@@$$Q2W4State@Progress@2@A 00000004     <absolute>
 0000:00000004       ?Initialized@CurrentDomain@<CrtImplementationDetails>@@$$Q2HA 00000004     <absolute>
 0000:00009876       __fltused                  00009876     <absolute>
 0000:00009876       __ldused                   00009876     <absolute>
 0001:00000000       ???__E?_Generic_object@?$_Error_objects@H@std@@2V_Generic_error_category@2@A@@YMXXZ@?A0x651c96ac@@$$FYMXXZ 00401000 f i classroomlist.obj
 0001:00000054       ???__E?_Iostream_object@?$_Error_objects@H@std@@2V_Iostream_error_category@2@A@@YMXXZ@?A0x651c96ac@@$$FYMXXZ 00401054 f i classroomlist.obj
 0001:000000e0       ???__E?_System_object@?$_Error_objects@H@std@@2V_System_error_category@2@A@@YMXXZ@?A0x651c96ac@@$$FYMXXZ 004010e0 f i classroomlist.obj
 0001:0000016c       ???__E?id@?$num_put@DV?$back_insert_iterator@V?$basic_string@DU?$char_traits@D@std@@V?$allocator@D@2@@std@@@std@@@std@@2V0locale@2@A@@YMXXZ@?A0x651c96ac@@$$FYMXXZ 0040116c f i classroomlist.obj
 0001:00000188       ???__E?id@?$num_put@_WV?$back_insert_iterator@V?$basic_string@_WU?$char_traits@_W@std@@V?$allocator@_W@2@@std@@@std@@@std@@2V0locale@2@A@@YMXXZ@?A0x651c96ac@@$$FYMXXZ 00401188 f i classroomlist.obj
 0001:000001a1       __t2m@???__E?id@?$num_put@DV?$back_insert_iterator@V?$basic_string@DU?$char_traits@D@std@@V?$allocator@D@2@@std@@@std@@@std@@2V0locale@2@A@@YMXXZ@?A0x651c96ac@@YMXXZ 004011a1 f i classroomlist.obj
 0001:000001a7       __t2m@???__E?id@?$num_put@_WV?$back_insert_iterator@V?$basic_string@_WU?$char_traits@_W@std@@V?$allocator@_W@2@@std@@@std@@@std@@2V0locale@2@A@@YMXXZ@?A0x651c96ac@@YMXXZ 004011a7 f i classroomlist.obj
 0001:000001ad       __t2m@???__E?_Generic_object@?$_Error_objects@H@std@@2V_Generic_error_category@2@A@@YMXXZ@?A0x651c96ac@@YMXXZ 004011ad f i classroomlist.obj
 0001:000001b3       __t2m@???__E?_Iostream_object@?$_Error_objects@H@std@@2V_Iostream_error_category@2@A@@YMXXZ@?A0x651c96ac@@YMXXZ 004011b3 f i classroomlist.obj
 0001:000001b9       __t2m@???__E?_System_object@?$_Error_objects@H@std@@2V_System_error_category@2@A@@YMXXZ@?A0x651c96ac@@YMXXZ 004011b9 f i classroomlist.obj
 0001:000001c0       ???__E?_Generic_object@?$_Error_objects@H@std@@2V_Generic_error_category@2@A@@YMXXZ@?A0xef14c5be@@$$FYMXXZ 004011c0 f i Root.obj
 0001:00000214       ???__E?_Iostream_object@?$_Error_objects@H@std@@2V_Iostream_error_category@2@A@@YMXXZ@?A0xef14c5be@@$$FYMXXZ 00401214 f i Root.obj
 0001:000002a0       ???__E?_System_object@?$_Error_objects@H@std@@2V_System_error_category@2@A@@YMXXZ@?A0xef14c5be@@$$FYMXXZ 004012a0 f i Root.obj
 0001:0000032c       ???__E?id@?$num_put@DV?$back_insert_iterator@V?$basic_string@DU?$char_traits@D@std@@V?$allocator@D@2@@std@@@std@@@std@@2V0locale@2@A@@YMXXZ@?A0xef14c5be@@$$FYMXXZ 0040132c f i Root.obj
 0001:00000348       ???__E?id@?$num_put@_WV?$back_insert_iterator@V?$basic_string@_WU?$char_traits@_W@std@@V?$allocator@_W@2@@std@@@std@@@std@@2V0locale@2@A@@YMXXZ@?A0xef14c5be@@$$FYMXXZ 00401348 f i Root.obj
 0001:00000361       __t2m@???__E?id@?$num_put@DV?$back_insert_iterator@V?$basic_string@DU?$char_traits@D@std@@V?$allocator@D@2@@std@@@std@@@std@@2V0locale@2@A@@YMXXZ@?A0xef14c5be@@YMXXZ 00401361 f i Root.obj
 0001:00000367       __t2m@???__E?id@?$num_put@_WV?$back_insert_iterator@V?$basic_string@_WU?$char_traits@_W@std@@V?$allocator@_W@2@@std@@@std@@@std@@2V0locale@2@A@@YMXXZ@?A0xef14c5be@@YMXXZ 00401367 f i Root.obj
 0001:0000036d       __t2m@???__E?_Generic_object@?$_Error_objects@H@std@@2V_Generic_error_category@2@A@@YMXXZ@?A0xef14c5be@@YMXXZ 0040136d f i Root.obj
 0001:00000373       __t2m@???__E?_Iostream_object@?$_Error_objects@H@std@@2V_Iostream_error_category@2@A@@YMXXZ@?A0xef14c5be@@YMXXZ 00401373 f i Root.obj
 0001:00000379       __t2m@???__E?_System_object@?$_Error_objects@H@std@@2V_System_error_category@2@A@@YMXXZ@?A0xef14c5be@@YMXXZ 00401379 f i Root.obj
 0001:00000380       ???__E?Initialized@CurrentDomain@<CrtImplementationDetails>@@$$Q2HA@@YMXXZ@?A0xd2508fec@@$$FYMXXZ 00401380 f i MSVCMRT:mstartup.obj
 0001:00000394       ???__E?Uninitialized@CurrentDomain@<CrtImplementationDetails>@@$$Q2HA@@YMXXZ@?A0xd2508fec@@$$FYMXXZ 00401394 f i MSVCMRT:mstartup.obj
 0001:000003a8       ???__E?IsDefaultDomain@CurrentDomain@<CrtImplementationDetails>@@$$Q2_NA@@YMXXZ@?A0xd2508fec@@$$FYMXXZ 004013a8 f i MSVCMRT:mstartup.obj
 0001:000003bc       ???__E?InitializedVtables@CurrentDomain@<CrtImplementationDetails>@@$$Q2W4State@Progress@2@A@@YMXXZ@?A0xd2508fec@@$$FYMXXZ 004013bc f i MSVCMRT:mstartup.obj
 0001:000003d0       ???__E?InitializedNative@CurrentDomain@<CrtImplementationDetails>@@$$Q2W4State@Progress@2@A@@YMXXZ@?A0xd2508fec@@$$FYMXXZ 004013d0 f i MSVCMRT:mstartup.obj
 0001:000003e4       ???__E?InitializedPerProcess@CurrentDomain@<CrtImplementationDetails>@@$$Q2W4State@Progress@2@A@@YMXXZ@?A0xd2508fec@@$$FYMXXZ 004013e4 f i MSVCMRT:mstartup.obj
 0001:000003f8       ???__E?InitializedPerAppDomain@CurrentDomain@<CrtImplementationDetails>@@$$Q2W4State@Progress@2@A@@YMXXZ@?A0xd2508fec@@$$FYMXXZ 004013f8 f i MSVCMRT:mstartup.obj
 0001:0000040b       __t2m@???__E?Initialized@CurrentDomain@<CrtImplementationDetails>@@$$Q2HA@@YMXXZ@?A0xd2508fec@@YMXXZ 0040140b f i MSVCMRT:mstartup.obj
 0001:00000411       __t2m@???__E?Uninitialized@CurrentDomain@<CrtImplementationDetails>@@$$Q2HA@@YMXXZ@?A0xd2508fec@@YMXXZ 00401411 f i MSVCMRT:mstartup.obj
 0001:00000417       __t2m@???__E?IsDefaultDomain@CurrentDomain@<CrtImplementationDetails>@@$$Q2_NA@@YMXXZ@?A0xd2508fec@@YMXXZ 00401417 f i MSVCMRT:mstartup.obj
 0001:0000041d       __t2m@???__E?InitializedVtables@CurrentDomain@<CrtImplementationDetails>@@$$Q2W4State@Progress@2@A@@YMXXZ@?A0xd2508fec@@YMXXZ 0040141d f i MSVCMRT:mstartup.obj
 0001:00000423       __t2m@???__E?InitializedNative@CurrentDomain@<CrtImplementationDetails>@@$$Q2W4State@Progress@2@A@@YMXXZ@?A0xd2508fec@@YMXXZ 00401423 f i MSVCMRT:mstartup.obj
 0001:00000429       __t2m@???__E?InitializedPerProcess@CurrentDomain@<CrtImplementationDetails>@@$$Q2W4State@Progress@2@A@@YMXXZ@?A0xd2508fec@@YMXXZ 00401429 f i MSVCMRT:mstartup.obj
 0001:0000042f       __t2m@???__E?InitializedPerAppDomain@CurrentDomain@<CrtImplementationDetails>@@$$Q2W4State@Progress@2@A@@YMXXZ@?A0xd2508fec@@YMXXZ 0040142f f i MSVCMRT:mstartup.obj
 0001:00000440       ?ExecuteQuery@DatabaseHelper@@$$FSMP$AAVSqlDataReader@SqlClient@Data@System@@P$AAVString@5@P$01AP$AAVSqlParameter@345@@Z 00401440 f i classroomlist.obj
 0001:000004e0       ?ExecuteQuery@DatabaseHelper@@$$FSMP$AAVSqlDataReader@SqlClient@Data@System@@P$AAVString@5@@Z 004014e0 f i classroomlist.obj
 0001:0000054c       ??0DatabaseHelper@@$$FQ$AAM@XZ 0040154c f i classroomlist.obj
 0001:00000560       ?hypot@@$$J0YANNN@Z        00401560 f i classroomlist.obj
 0001:00000574       __t2m@_hypot               00401574 f i classroomlist.obj
 0001:0000057c       ??0exception_ptr@std@@$$FQAE@ABV01@@Z 0040157c f i classroomlist.obj
 0001:00000591       __t2m@??0exception_ptr@std@@QAE@ABV01@@Z 00401591 f i classroomlist.obj
 0001:00000598       ??2@$$FYAPAXIPAX@Z         00401598 f i classroomlist.obj
 0001:000005a8       ??3@$$FYAXPAX0@Z           004015a8 f i classroomlist.obj
 0001:000005b8       ?copy@?$char_traits@D@std@@$$FSAPADPADPBDI@Z 004015b8 f i classroomlist.obj
 0001:000005d4       ?move@?$char_traits@D@std@@$$FSAPADPADPBDI@Z 004015d4 f i classroomlist.obj
 0001:000005f0       ?assign@?$char_traits@D@std@@$$FSAXAADABD@Z 004015f0 f i classroomlist.obj
 0001:00000604       ?_Adopt@_Iterator_base12@std@@$$FQAEXPBU_Container_base12@2@@Z 00401604 f i classroomlist.obj
 0001:00000618       ??0?$allocator@X@std@@$$FQAE@ABV01@@Z 00401618 f i classroomlist.obj
 0001:00000626       __t2m@??0?$allocator@X@std@@QAE@ABV01@@Z 00401626 f i classroomlist.obj
 0001:0000062c       ??1runtime_error@std@@$$FUAE@XZ 0040162c f i classroomlist.obj
 0001:00000640       ??0runtime_error@std@@$$FQAE@ABV01@@Z 00401640 f i classroomlist.obj
 0001:00000688       __t2m@??0runtime_error@std@@QAE@ABV01@@Z 00401688 f i classroomlist.obj
 0001:00000690       ??0locale@std@@$$FQAE@ABV01@@Z 00401690 f i classroomlist.obj
 0001:000006af       __t2m@??0locale@std@@QAE@ABV01@@Z 004016af f i classroomlist.obj
 0001:000006b8       ??0error_category@std@@$$FQAE@XZ 004016b8 f i classroomlist.obj
 0001:000006d0       ??1error_category@std@@$$FUAE@XZ 004016d0 f i classroomlist.obj
 0001:000006e4       ??1_System_error@std@@$$FUAE@XZ 004016e4 f i classroomlist.obj
 0001:000006f8       ??1system_error@std@@$$FUAE@XZ 004016f8 f i classroomlist.obj
 0001:0000070c       ??0_Generic_error_category@std@@$$FQAE@XZ 0040170c f i classroomlist.obj
 0001:00000754       ??1_Generic_error_category@std@@$$FUAE@XZ 00401754 f i classroomlist.obj
 0001:00000768       ??0_Iostream_error_category@std@@$$FQAE@XZ 00401768 f i classroomlist.obj
 0001:000007e0       ??1_Iostream_error_category@std@@$$FUAE@XZ 004017e0 f i classroomlist.obj
 0001:000007f4       ??0_System_error_category@std@@$$FQAE@XZ 004017f4 f i classroomlist.obj
 0001:0000086c       ??1_System_error_category@std@@$$FUAE@XZ 0040186c f i classroomlist.obj
 0001:00000880       ??0_System_error@std@@$$FQAE@ABV01@@Z 00401880 f i classroomlist.obj
 0001:00000904       __t2m@??0_System_error@std@@QAE@ABV01@@Z 00401904 f i classroomlist.obj
 0001:0000090c       ??1classroomlist@CS346_A2@@$$FA$AAM@XZ 0040190c f i classroomlist.obj
 0001:0000092c       ?display_classroom_list@classroomlist@CS346_A2@@$$FA$AAMXXZ 0040192c f i classroomlist.obj
 0001:000009d4       ?insert_into_db@classroomlist@CS346_A2@@$$FA$AAMXXZ 004019d4 f i classroomlist.obj
 0001:00000ab8       ?classroomlist_Load@classroomlist@CS346_A2@@$$FA$AAMXP$AAVObject@System@@P$AAVEventArgs@4@@Z 00401ab8 f i classroomlist.obj
 0001:00000acc       ?button1_Click@classroomlist@CS346_A2@@$$FA$AAMXP$AAVObject@System@@P$AAVEventArgs@4@@Z 00401acc f i classroomlist.obj
 0001:00000ae8       ?<Dispose>@classroomlist@CS346_A2@@$$FM$AAMX_N@Z 00401ae8 f i classroomlist.obj
 0001:00000b2c       ?size@?$basic_string@DU?$char_traits@D@std@@V?$allocator@D@2@@std@@$$FQBEIXZ 00401b2c f i classroomlist.obj
 0001:00000b40       ??0?$allocator@D@std@@$$FQAE@XZ 00401b40 f i classroomlist.obj
 0001:00000b50       ?_Xlen@?$basic_string@DU?$char_traits@D@std@@V?$allocator@D@2@@std@@$$FQBEXXZ 00401b50 f i classroomlist.obj
 0001:00000b68       ?_Xran@?$basic_string@DU?$char_traits@D@std@@V?$allocator@D@2@@std@@$$FQBEXXZ 00401b68 f i classroomlist.obj
 0001:00000b80       ??0?$_Wrap_alloc@V?$allocator@D@std@@@std@@$$FQAE@XZ 00401b80 f i classroomlist.obj
 0001:00000b90       ??0?$_String_val@U?$_Simple_types@D@std@@@std@@$$FQAE@XZ 00401b90 f i classroomlist.obj
 0001:00000bac       ??0?$allocator@D@std@@$$FQAE@ABV01@@Z 00401bac f i classroomlist.obj
 0001:00000bba       __t2m@??0?$allocator@D@std@@QAE@ABV01@@Z 00401bba f i classroomlist.obj
 0001:00000bc0       ?deallocate@?$allocator@D@std@@$$FQAEXPADI@Z 00401bc0 f i classroomlist.obj
 0001:00000bd4       ??0?$allocator@_W@std@@$$FQAE@ABV01@@Z 00401bd4 f i classroomlist.obj
 0001:00000be2       __t2m@??0?$allocator@_W@std@@QAE@ABV01@@Z 00401be2 f i classroomlist.obj
 0001:00000be8       ?max_size@?$allocator@D@std@@$$FQBEIXZ 00401be8 f i classroomlist.obj
 0001:00000bf8       ??$addressof@D@std@@$$FYAPADAAD@Z 00401bf8 f i classroomlist.obj
 0001:00000c08       ??$_Allocate@D@std@@$$FYAPADIPAD@Z 00401c08 f i classroomlist.obj
 0001:00000c30       ??$forward@AAPAD@std@@$$FYAAAPADAAPAD@Z 00401c30 f i classroomlist.obj
 0001:00000c40       ??$construct@PADAAPAD@?$allocator@D@std@@$$FQAEXPAPADAAPAD@Z 00401c40 f i classroomlist.obj
 0001:00000c80       ??$destroy@PAD@?$allocator@D@std@@$$FQAEXPAPAD@Z 00401c80 f i classroomlist.obj
 0001:00000c90       ??4_Iterator_base12@std@@$$FQAEAAU01@ABU01@@Z 00401c90 f i classroomlist.obj
 0001:00000cb4       ??0system_error@std@@$$FQAE@ABV01@@Z 00401cb4 f i classroomlist.obj
 0001:00000d68       __t2m@??0system_error@std@@QAE@ABV01@@Z 00401d68 f i classroomlist.obj
 0001:00000d70       ?InitializeComponent@classroomlist@CS346_A2@@$$FA$AAMXXZ 00401d70 f i classroomlist.obj
 0001:00001728       ??0?$_String_alloc@$0A@U?$_String_base_types@DV?$allocator@D@std@@@std@@@std@@$$FQAE@ABV?$allocator@D@1@@Z 00402728 f i classroomlist.obj
 0001:00001744       ?_Getal@?$_String_alloc@$0A@U?$_String_base_types@DV?$allocator@D@std@@@std@@@std@@$$FQBE?AU?$_Wrap_alloc@V?$allocator@D@std@@@2@XZ 00402744 f i classroomlist.obj
 0001:00001754       ?_Myptr@?$_String_val@U?$_Simple_types@D@std@@@std@@$$FQBEPBDXZ 00402754 f i classroomlist.obj
 0001:00001770       ??0?$_Wrap_alloc@V?$allocator@D@std@@@std@@$$FQAE@ABV?$allocator@D@1@@Z 00402770 f i classroomlist.obj
 0001:00001780       ?deallocate@?$_Wrap_alloc@V?$allocator@D@std@@@std@@$$FQAEXPADI@Z 00402780 f i classroomlist.obj
 0001:00001794       ?_Myptr@?$_String_val@U?$_Simple_types@D@std@@@std@@$$FQAEPADXZ 00402794 f i classroomlist.obj
 0001:000017b0       ?select_on_container_copy_construction@?$allocator@D@std@@$$FQBE?AV12@XZ 004027b0 f i classroomlist.obj
 0001:000017c0       ?allocate@?$allocator@D@std@@$$FQAEPADI@Z 004027c0 f i classroomlist.obj
 0001:000017e8       ?max_size@?$allocator_traits@V?$allocator@D@std@@@std@@$$FSAIABV?$allocator@D@2@@Z 004027e8 f i classroomlist.obj
 0001:000017f8       ??$construct@PADAAPAD@?$allocator_traits@V?$allocator@D@std@@@std@@$$FSAXAAV?$allocator@D@1@PAPADAAPAD@Z 004027f8 f i classroomlist.obj
 0001:00001838       ??$destroy@PAD@?$allocator_traits@V?$allocator@D@std@@@std@@$$FSAXAAV?$allocator@D@1@PAPAD@Z 00402838 f i classroomlist.obj
 0001:00001848       ??0_Iterator_base12@std@@$$FQAE@ABU01@@Z 00402848 f i classroomlist.obj
 0001:0000186f       __t2m@??0_Iterator_base12@std@@QAE@ABU01@@Z 0040286f f i classroomlist.obj
 0001:00001878       ??0failure@ios_base@std@@$$FQAE@ABV012@@Z 00402878 f i classroomlist.obj
 0001:00001958       __t2m@??0failure@ios_base@std@@QAE@ABV012@@Z 00402958 f i classroomlist.obj
 0001:00001960       ??0classroomlist@CS346_A2@@$$FQ$AAM@XZ 00402960 f i classroomlist.obj
 0001:000019a0       ?_Eos@?$basic_string@DU?$char_traits@D@std@@V?$allocator@D@2@@std@@$$FQAEXI@Z 004029a0 f i classroomlist.obj
 0001:000019c8       ?select_on_container_copy_construction@?$allocator_traits@V?$allocator@D@std@@@std@@$$FSA?AV?$allocator@D@2@ABV32@@Z 004029c8 f i classroomlist.obj
 0001:000019d8       ?allocate@?$_Wrap_alloc@V?$allocator@D@std@@@std@@$$FQAEPADI@Z 004029d8 f i classroomlist.obj
 0001:00001a00       ?max_size@?$_Wrap_alloc@V?$allocator@D@std@@@std@@$$FQBEIXZ 00402a00 f i classroomlist.obj
 0001:00001a10       ??$construct@PADAAPAD@?$_Wrap_alloc@V?$allocator@D@std@@@std@@$$FQAEXPAPADAAPAD@Z 00402a10 f i classroomlist.obj
 0001:00001a50       ??$destroy@PAD@?$_Wrap_alloc@V?$allocator@D@std@@@std@@$$FQAEXPAPAD@Z 00402a50 f i classroomlist.obj
 0001:00001a60       ?_Tidy@?$basic_string@DU?$char_traits@D@std@@V?$allocator@D@2@@std@@$$FQAEX_NI@Z 00402a60 f i classroomlist.obj
 0001:00001aa0       ?select_on_container_copy_construction@?$_Wrap_alloc@V?$allocator@D@std@@@std@@$$FQBE?AU12@XZ 00402aa0 f i classroomlist.obj
 0001:00001ab0       ?erase@?$basic_string@DU?$char_traits@D@std@@V?$allocator@D@2@@std@@$$FQAEAAV12@I@Z 00402ab0 f i classroomlist.obj
 0001:00001ae8       ?erase@?$basic_string@DU?$char_traits@D@std@@V?$allocator@D@2@@std@@$$FQAEAAV12@II@Z 00402ae8 f i classroomlist.obj
 0001:00001b70       ?max_size@?$basic_string@DU?$char_traits@D@std@@V?$allocator@D@2@@std@@$$FQBEIXZ 00402b70 f i classroomlist.obj
 0001:00001b80       ?_Copy@?$basic_string@DU?$char_traits@D@std@@V?$allocator@D@2@@std@@$$FQAEXII@Z 00402b80 f i classroomlist.obj
 0001:00001df8       ??1?$basic_string@DU?$char_traits@D@std@@V?$allocator@D@2@@std@@$$FQAE@XZ 00402df8 f i classroomlist.obj
 0001:00001e10       ?_Grow@?$basic_string@DU?$char_traits@D@std@@V?$allocator@D@2@@std@@$$FQAE_NI_N@Z 00402e10 f i classroomlist.obj
 0001:00001e88       ?<MarshalDestroy>@?$basic_string@DU?$char_traits@D@std@@V?$allocator@D@2@@std@@$$FSMXPAV12@@Z 00402e88 f i classroomlist.obj
 0001:00001e9d       __t2m@?<MarshalDestroy>@?$basic_string@DU?$char_traits@D@std@@V?$allocator@D@2@@std@@SMXPAV12@@Z 00402e9d f i classroomlist.obj
 0001:00001ea4       ?assign@?$basic_string@DU?$char_traits@D@std@@V?$allocator@D@2@@std@@$$FQAEAAV12@ABV12@II@Z 00402ea4 f i classroomlist.obj
 0001:00001f60       ??0?$basic_string@DU?$char_traits@D@std@@V?$allocator@D@2@@std@@$$FQAE@ABV01@@Z 00402f60 f i classroomlist.obj
 0001:00001f8c       __t2m@??0?$basic_string@DU?$char_traits@D@std@@V?$allocator@D@2@@std@@QAE@ABV01@@Z 00402f8c f i classroomlist.obj
 0001:00001f94       ?<MarshalCopy>@?$basic_string@DU?$char_traits@D@std@@V?$allocator@D@2@@std@@$$FSMXPAV12@0@Z 00402f94 f i classroomlist.obj
 0001:00001fbf       __t2m@?<MarshalCopy>@?$basic_string@DU?$char_traits@D@std@@V?$allocator@D@2@@std@@SMXPAV12@0@Z 00402fbf f i classroomlist.obj
 0001:00001fc5       __t2m@??2@YAPAXIPAX@Z      00402fc5 f i classroomlist.obj
 0001:00001fcb       __t2m@??3@YAXPAX0@Z        00402fcb f i classroomlist.obj
 0001:00001fd1       __t2m@?copy@?$char_traits@D@std@@SAPADPADPBDI@Z 00402fd1 f i classroomlist.obj
 0001:00001fd7       __t2m@?move@?$char_traits@D@std@@SAPADPADPBDI@Z 00402fd7 f i classroomlist.obj
 0001:00001fdd       __t2m@?assign@?$char_traits@D@std@@SAXAADABD@Z 00402fdd f i classroomlist.obj
 0001:00001fe3       __t2m@?_Adopt@_Iterator_base12@std@@QAEXPBU_Container_base12@2@@Z 00402fe3 f i classroomlist.obj
 0001:00001fe9       __t2m@??1runtime_error@std@@UAE@XZ 00402fe9 f i classroomlist.obj
 0001:00001ff0       ??_Eruntime_error@std@@$$FUAEPAXI@Z 00402ff0 f i classroomlist.obj
 0001:00002038       ??_Eruntime_error@std@@UAEPAXI@Z 00403038 f i classroomlist.obj
 0001:00002038       __t2m@??_Eruntime_error@std@@UAEPAXI@Z 00403038 f i classroomlist.obj
 0001:0000203e       __t2m@??0error_category@std@@QAE@XZ 0040303e f i classroomlist.obj
 0001:00002044       ??_Eerror_category@std@@$$FUAEPAXI@Z 00403044 f i classroomlist.obj
 0001:00002089       ??_Eerror_category@std@@UAEPAXI@Z 00403089 f i classroomlist.obj
 0001:00002089       __t2m@??_Eerror_category@std@@UAEPAXI@Z 00403089 f i classroomlist.obj
 0001:00002090       ?default_error_condition@error_category@std@@$$FUBE?AVerror_condition@2@H@Z 00403090 f i classroomlist.obj
 0001:000020a8       ??0error_condition@std@@$$FQAE@HABVerror_category@1@@Z 004030a8 f i classroomlist.obj
 0001:000020be       ?default_error_condition@error_category@std@@UBE?AVerror_condition@2@H@Z 004030be f i classroomlist.obj
 0001:000020be       __t2m@?default_error_condition@error_category@std@@UBE?AVerror_condition@2@H@Z 004030be f i classroomlist.obj
 0001:000020c4       ?equivalent@error_category@std@@$$FUBE_NABVerror_code@2@H@Z 004030c4 f i classroomlist.obj
 0001:000020e8       ??8error_category@std@@$$FQBE_NABV01@@Z 004030e8 f i classroomlist.obj
 0001:000020fc       ?value@error_code@std@@$$FQBEHXZ 004030fc f i classroomlist.obj
 0001:0000210c       ?category@error_code@std@@$$FQBEABVerror_category@2@XZ 0040310c f i classroomlist.obj
 0001:0000211d       __t2m@?equivalent@error_category@std@@UBE_NABVerror_code@2@H@Z 0040311d f i classroomlist.obj
 0001:0000211d       ?equivalent@error_category@std@@UBE_NABVerror_code@2@H@Z 0040311d f i classroomlist.obj
 0001:00002124       ?equivalent@error_category@std@@$$FUBE_NHABVerror_condition@2@@Z 00403124 f i classroomlist.obj
 0001:00002148       ??8error_condition@std@@$$FQBE_NABV01@@Z 00403148 f i classroomlist.obj
 0001:00002170       ?value@error_condition@std@@$$FQBEHXZ 00403170 f i classroomlist.obj
 0001:00002180       ?category@error_condition@std@@$$FQBEABVerror_category@2@XZ 00403180 f i classroomlist.obj
 0001:00002191       __t2m@?equivalent@error_category@std@@UBE_NHABVerror_condition@2@@Z 00403191 f i classroomlist.obj
 0001:00002191       ?equivalent@error_category@std@@UBE_NHABVerror_condition@2@@Z 00403191 f i classroomlist.obj
 0001:00002197       __t2m@??1error_category@std@@UAE@XZ 00403197 f i classroomlist.obj
 0001:0000219d       __t2m@??1_System_error@std@@UAE@XZ 0040319d f i classroomlist.obj
 0001:000021a3       __t2m@??1system_error@std@@UAE@XZ 004031a3 f i classroomlist.obj
 0001:000021a9       __t2m@??0_Generic_error_category@std@@QAE@XZ 004031a9 f i classroomlist.obj
 0001:000021b0       ??_E_Generic_error_category@std@@$$FUAEPAXI@Z 004031b0 f i classroomlist.obj
 0001:000021f8       __t2m@??_E_Generic_error_category@std@@UAEPAXI@Z 004031f8 f i classroomlist.obj
 0001:000021f8       ??_E_Generic_error_category@std@@UAEPAXI@Z 004031f8 f i classroomlist.obj
 0001:00002200       ?name@_Generic_error_category@std@@$$FUBEPBDXZ 00403200 f i classroomlist.obj
 0001:00002212       __t2m@?name@_Generic_error_category@std@@UBEPBDXZ 00403212 f i classroomlist.obj
 0001:00002212       ?name@_Generic_error_category@std@@UBEPBDXZ 00403212 f i classroomlist.obj
 0001:00002218       ?message@_Generic_error_category@std@@$$FUBE?AV?$basic_string@DU?$char_traits@D@std@@V?$allocator@D@2@@2@H@Z 00403218 f i classroomlist.obj
 0001:00002280       ??0?$basic_string@DU?$char_traits@D@std@@V?$allocator@D@2@@std@@$$FQAE@PBD@Z 00403280 f i classroomlist.obj
 0001:000022c4       ?assign@?$basic_string@DU?$char_traits@D@std@@V?$allocator@D@2@@std@@$$FQAEAAV12@PBD@Z 004032c4 f i classroomlist.obj
 0001:000022f0       ?length@?$char_traits@D@std@@$$FSAIPBD@Z 004032f0 f i classroomlist.obj
 0001:00002314       ?assign@?$basic_string@DU?$char_traits@D@std@@V?$allocator@D@2@@std@@$$FQAEAAV12@PBDI@Z 00403314 f i classroomlist.obj
 0001:000023a8       ?_Inside@?$basic_string@DU?$char_traits@D@std@@V?$allocator@D@2@@std@@$$FQAE_NPBD@Z 004033a8 f i classroomlist.obj
 0001:000023e7       __t2m@?message@_Generic_error_category@std@@UBE?AV?$basic_string@DU?$char_traits@D@std@@V?$allocator@D@2@@2@H@Z 004033e7 f i classroomlist.obj
 0001:000023e7       ?message@_Generic_error_category@std@@UBE?AV?$basic_string@DU?$char_traits@D@std@@V?$allocator@D@2@@2@H@Z 004033e7 f i classroomlist.obj
 0001:000023ed       __t2m@??1_Generic_error_category@std@@UAE@XZ 004033ed f i classroomlist.obj
 0001:000023f3       __t2m@??0_Iostream_error_category@std@@QAE@XZ 004033f3 f i classroomlist.obj
 0001:000023fc       ??_E_Iostream_error_category@std@@$$FUAEPAXI@Z 004033fc f i classroomlist.obj
 0001:00002444       ??_E_Iostream_error_category@std@@UAEPAXI@Z 00403444 f i classroomlist.obj
 0001:00002444       __t2m@??_E_Iostream_error_category@std@@UAEPAXI@Z 00403444 f i classroomlist.obj
 0001:0000244c       ?name@_Iostream_error_category@std@@$$FUBEPBDXZ 0040344c f i classroomlist.obj
 0001:0000245e       ?name@_Iostream_error_category@std@@UBEPBDXZ 0040345e f i classroomlist.obj
 0001:0000245e       __t2m@?name@_Iostream_error_category@std@@UBEPBDXZ 0040345e f i classroomlist.obj
 0001:00002464       ?message@_Iostream_error_category@std@@$$FUBE?AV?$basic_string@DU?$char_traits@D@std@@V?$allocator@D@2@@2@H@Z 00403464 f i classroomlist.obj
 0001:000024fc       ?message@_Iostream_error_category@std@@UBE?AV?$basic_string@DU?$char_traits@D@std@@V?$allocator@D@2@@2@H@Z 004034fc f i classroomlist.obj
 0001:000024fc       __t2m@?message@_Iostream_error_category@std@@UBE?AV?$basic_string@DU?$char_traits@D@std@@V?$allocator@D@2@@2@H@Z 004034fc f i classroomlist.obj
 0001:00002502       __t2m@??1_Iostream_error_category@std@@UAE@XZ 00403502 f i classroomlist.obj
 0001:00002508       __t2m@??0_System_error_category@std@@QAE@XZ 00403508 f i classroomlist.obj
 0001:00002510       ??_E_System_error_category@std@@$$FUAEPAXI@Z 00403510 f i classroomlist.obj
 0001:00002558       ??_E_System_error_category@std@@UAEPAXI@Z 00403558 f i classroomlist.obj
 0001:00002558       __t2m@??_E_System_error_category@std@@UAEPAXI@Z 00403558 f i classroomlist.obj
 0001:00002560       ?name@_System_error_category@std@@$$FUBEPBDXZ 00403560 f i classroomlist.obj
 0001:00002572       __t2m@?name@_System_error_category@std@@UBEPBDXZ 00403572 f i classroomlist.obj
 0001:00002572       ?name@_System_error_category@std@@UBEPBDXZ 00403572 f i classroomlist.obj
 0001:00002578       ?message@_System_error_category@std@@$$FUBE?AV?$basic_string@DU?$char_traits@D@std@@V?$allocator@D@2@@2@H@Z 00403578 f i classroomlist.obj
 0001:000025e0       ?message@_System_error_category@std@@UBE?AV?$basic_string@DU?$char_traits@D@std@@V?$allocator@D@2@@2@H@Z 004035e0 f i classroomlist.obj
 0001:000025e0       __t2m@?message@_System_error_category@std@@UBE?AV?$basic_string@DU?$char_traits@D@std@@V?$allocator@D@2@@2@H@Z 004035e0 f i classroomlist.obj
 0001:000025e8       ?default_error_condition@_System_error_category@std@@$$FUBE?AVerror_condition@2@H@Z 004035e8 f i classroomlist.obj
 0001:00002618       ?generic_category@std@@$$FYAABVerror_category@1@XZ 00403618 f i classroomlist.obj
 0001:0000262c       ?system_category@std@@$$FYAABVerror_category@1@XZ 0040362c f i classroomlist.obj
 0001:0000263e       __t2m@?default_error_condition@_System_error_category@std@@UBE?AVerror_condition@2@H@Z 0040363e f i classroomlist.obj
 0001:0000263e       ?default_error_condition@_System_error_category@std@@UBE?AVerror_condition@2@H@Z 0040363e f i classroomlist.obj
 0001:00002644       __t2m@??1_System_error_category@std@@UAE@XZ 00403644 f i classroomlist.obj
 0001:0000264c       ??_E_System_error@std@@$$FUAEPAXI@Z 0040364c f i classroomlist.obj
 0001:00002694       __t2m@??_E_System_error@std@@UAEPAXI@Z 00403694 f i classroomlist.obj
 0001:00002694       ??_E_System_error@std@@UAEPAXI@Z 00403694 f i classroomlist.obj
 0001:0000269a       __t2m@?size@?$basic_string@DU?$char_traits@D@std@@V?$allocator@D@2@@std@@QBEIXZ 0040369a f i classroomlist.obj
 0001:000026a0       __t2m@??0?$allocator@D@std@@QAE@XZ 004036a0 f i classroomlist.obj
 0001:000026a6       __t2m@?_Xlen@?$basic_string@DU?$char_traits@D@std@@V?$allocator@D@2@@std@@QBEXXZ 004036a6 f i classroomlist.obj
 0001:000026ac       __t2m@?_Xran@?$basic_string@DU?$char_traits@D@std@@V?$allocator@D@2@@std@@QBEXXZ 004036ac f i classroomlist.obj
 0001:000026b2       __t2m@??0?$_Wrap_alloc@V?$allocator@D@std@@@std@@QAE@XZ 004036b2 f i classroomlist.obj
 0001:000026b8       __t2m@??0?$_String_val@U?$_Simple_types@D@std@@@std@@QAE@XZ 004036b8 f i classroomlist.obj
 0001:000026be       __t2m@?deallocate@?$allocator@D@std@@QAEXPADI@Z 004036be f i classroomlist.obj
 0001:000026c4       __t2m@?max_size@?$allocator@D@std@@QBEIXZ 004036c4 f i classroomlist.obj
 0001:000026ca       __t2m@??$addressof@D@std@@YAPADAAD@Z 004036ca f i classroomlist.obj
 0001:000026d0       __t2m@??$_Allocate@D@std@@YAPADIPAD@Z 004036d0 f i classroomlist.obj
 0001:000026d6       __t2m@??$forward@AAPAD@std@@YAAAPADAAPAD@Z 004036d6 f i classroomlist.obj
 0001:000026dc       __t2m@??$construct@PADAAPAD@?$allocator@D@std@@QAEXPAPADAAPAD@Z 004036dc f i classroomlist.obj
 0001:000026e2       __t2m@??$destroy@PAD@?$allocator@D@std@@QAEXPAPAD@Z 004036e2 f i classroomlist.obj
 0001:000026e8       __t2m@??4_Iterator_base12@std@@QAEAAU01@ABU01@@Z 004036e8 f i classroomlist.obj
 0001:000026f0       ??_Esystem_error@std@@$$FUAEPAXI@Z 004036f0 f i classroomlist.obj
 0001:00002738       __t2m@??_Esystem_error@std@@UAEPAXI@Z 00403738 f i classroomlist.obj
 0001:00002738       ??_Esystem_error@std@@UAEPAXI@Z 00403738 f i classroomlist.obj
 0001:0000273e       __t2m@??0?$_String_alloc@$0A@U?$_String_base_types@DV?$allocator@D@std@@@std@@@std@@QAE@ABV?$allocator@D@1@@Z 0040373e f i classroomlist.obj
 0001:00002744       __t2m@?_Getal@?$_String_alloc@$0A@U?$_String_base_types@DV?$allocator@D@std@@@std@@@std@@QBE?AU?$_Wrap_alloc@V?$allocator@D@std@@@2@XZ 00403744 f i classroomlist.obj
 0001:0000274a       __t2m@?_Myptr@?$_String_val@U?$_Simple_types@D@std@@@std@@QBEPBDXZ 0040374a f i classroomlist.obj
 0001:00002750       __t2m@??0?$_Wrap_alloc@V?$allocator@D@std@@@std@@QAE@ABV?$allocator@D@1@@Z 00403750 f i classroomlist.obj
 0001:00002756       __t2m@?deallocate@?$_Wrap_alloc@V?$allocator@D@std@@@std@@QAEXPADI@Z 00403756 f i classroomlist.obj
 0001:0000275c       __t2m@?_Myptr@?$_String_val@U?$_Simple_types@D@std@@@std@@QAEPADXZ 0040375c f i classroomlist.obj
 0001:00002762       __t2m@?select_on_container_copy_construction@?$allocator@D@std@@QBE?AV12@XZ 00403762 f i classroomlist.obj
 0001:00002768       __t2m@?allocate@?$allocator@D@std@@QAEPADI@Z 00403768 f i classroomlist.obj
 0001:0000276e       __t2m@?max_size@?$allocator_traits@V?$allocator@D@std@@@std@@SAIABV?$allocator@D@2@@Z 0040376e f i classroomlist.obj
 0001:00002774       __t2m@??$construct@PADAAPAD@?$allocator_traits@V?$allocator@D@std@@@std@@SAXAAV?$allocator@D@1@PAPADAAPAD@Z 00403774 f i classroomlist.obj
 0001:0000277a       __t2m@??$destroy@PAD@?$allocator_traits@V?$allocator@D@std@@@std@@SAXAAV?$allocator@D@1@PAPAD@Z 0040377a f i classroomlist.obj
 0001:00002780       ??_Efailure@ios_base@std@@$$FUAEPAXI@Z 00403780 f i classroomlist.obj
 0001:000027c8       ??1failure@ios_base@std@@$$FUAE@XZ 004037c8 f i classroomlist.obj
 0001:000027dc       __t2m@??_Efailure@ios_base@std@@UAEPAXI@Z 004037dc f i classroomlist.obj
 0001:000027dc       ??_Efailure@ios_base@std@@UAEPAXI@Z 004037dc f i classroomlist.obj
 0001:000027e2       __t2m@?_Eos@?$basic_string@DU?$char_traits@D@std@@V?$allocator@D@2@@std@@QAEXI@Z 004037e2 f i classroomlist.obj
 0001:000027e8       __t2m@?select_on_container_copy_construction@?$allocator_traits@V?$allocator@D@std@@@std@@SA?AV?$allocator@D@2@ABV32@@Z 004037e8 f i classroomlist.obj
 0001:000027ee       __t2m@?allocate@?$_Wrap_alloc@V?$allocator@D@std@@@std@@QAEPADI@Z 004037ee f i classroomlist.obj
 0001:000027f4       __t2m@?max_size@?$_Wrap_alloc@V?$allocator@D@std@@@std@@QBEIXZ 004037f4 f i classroomlist.obj
 0001:000027fa       __t2m@??$construct@PADAAPAD@?$_Wrap_alloc@V?$allocator@D@std@@@std@@QAEXPAPADAAPAD@Z 004037fa f i classroomlist.obj
 0001:00002800       __t2m@??$destroy@PAD@?$_Wrap_alloc@V?$allocator@D@std@@@std@@QAEXPAPAD@Z 00403800 f i classroomlist.obj
 0001:00002806       __t2m@?_Tidy@?$basic_string@DU?$char_traits@D@std@@V?$allocator@D@2@@std@@QAEX_NI@Z 00403806 f i classroomlist.obj
 0001:0000280c       __t2m@?select_on_container_copy_construction@?$_Wrap_alloc@V?$allocator@D@std@@@std@@QBE?AU12@XZ 0040380c f i classroomlist.obj
 0001:00002812       __t2m@?erase@?$basic_string@DU?$char_traits@D@std@@V?$allocator@D@2@@std@@QAEAAV12@I@Z 00403812 f i classroomlist.obj
 0001:00002818       __t2m@?erase@?$basic_string@DU?$char_traits@D@std@@V?$allocator@D@2@@std@@QAEAAV12@II@Z 00403818 f i classroomlist.obj
 0001:0000281e       __t2m@?max_size@?$basic_string@DU?$char_traits@D@std@@V?$allocator@D@2@@std@@QBEIXZ 0040381e f i classroomlist.obj
 0001:00002824       __t2m@?_Copy@?$basic_string@DU?$char_traits@D@std@@V?$allocator@D@2@@std@@QAEXII@Z 00403824 f i classroomlist.obj
 0001:0000282a       __t2m@??1?$basic_string@DU?$char_traits@D@std@@V?$allocator@D@2@@std@@QAE@XZ 0040382a f i classroomlist.obj
 0001:00002830       __t2m@?_Grow@?$basic_string@DU?$char_traits@D@std@@V?$allocator@D@2@@std@@QAE_NI_N@Z 00403830 f i classroomlist.obj
 0001:00002836       __t2m@?assign@?$basic_string@DU?$char_traits@D@std@@V?$allocator@D@2@@std@@QAEAAV12@ABV12@II@Z 00403836 f i classroomlist.obj
 0001:0000283c       __t2m@??0error_condition@std@@QAE@HABVerror_category@1@@Z 0040383c f i classroomlist.obj
 0001:00002842       __t2m@??8error_category@std@@QBE_NABV01@@Z 00403842 f i classroomlist.obj
 0001:00002848       __t2m@?value@error_code@std@@QBEHXZ 00403848 f i classroomlist.obj
 0001:0000284e       __t2m@?category@error_code@std@@QBEABVerror_category@2@XZ 0040384e f i classroomlist.obj
 0001:00002854       __t2m@??8error_condition@std@@QBE_NABV01@@Z 00403854 f i classroomlist.obj
 0001:0000285a       __t2m@?value@error_condition@std@@QBEHXZ 0040385a f i classroomlist.obj
 0001:00002860       __t2m@?category@error_condition@std@@QBEABVerror_category@2@XZ 00403860 f i classroomlist.obj
 0001:00002866       __t2m@??0?$basic_string@DU?$char_traits@D@std@@V?$allocator@D@2@@std@@QAE@PBD@Z 00403866 f i classroomlist.obj
 0001:0000286c       __t2m@?assign@?$basic_string@DU?$char_traits@D@std@@V?$allocator@D@2@@std@@QAEAAV12@PBD@Z 0040386c f i classroomlist.obj
 0001:00002872       __t2m@?length@?$char_traits@D@std@@SAIPBD@Z 00403872 f i classroomlist.obj
 0001:00002878       __t2m@?assign@?$basic_string@DU?$char_traits@D@std@@V?$allocator@D@2@@std@@QAEAAV12@PBDI@Z 00403878 f i classroomlist.obj
 0001:0000287e       __t2m@?_Inside@?$basic_string@DU?$char_traits@D@std@@V?$allocator@D@2@@std@@QAE_NPBD@Z 0040387e f i classroomlist.obj
 0001:00002884       __t2m@?generic_category@std@@YAABVerror_category@1@XZ 00403884 f i classroomlist.obj
 0001:0000288a       __t2m@?system_category@std@@YAABVerror_category@1@XZ 0040388a f i classroomlist.obj
 0001:00002890       __t2m@??1failure@ios_base@std@@UAE@XZ 00403890 f i classroomlist.obj
 0001:00002898       ??0User@@$$FQ$AAM@XZ       00403898 f i CourseList.obj
 0001:000028ac       ??0Student_data@@$$FQ$AAM@XZ 004038ac f i CourseList.obj
 0001:000028c0       ??1CourseList@CS346_A2@@$$FA$AAM@XZ 004038c0 f i CourseList.obj
 0001:000028e0       ?get_coursetable@CourseList@CS346_A2@@$$FQ$AAMXP$AAVString@System@@@Z 004038e0 f i CourseList.obj
 0001:00002a24       ?comboBox1_SelectedIndexChanged@CourseList@CS346_A2@@$$FA$AAMXP$AAVObject@System@@P$AAVEventArgs@4@@Z 00403a24 f i CourseList.obj
 0001:00002a48       ?btnAssign_Click@CourseList@CS346_A2@@$$FA$AAMXP$AAVObject@System@@P$AAVEventArgs@4@@Z 00403a48 f i CourseList.obj
 0001:00002c84       ?FillFacultyComboBox@CourseList@CS346_A2@@$$FQ$AAMXXZ 00403c84 f i CourseList.obj
 0001:00002d14       ?label1_Click@CourseList@CS346_A2@@$$FA$AAMXP$AAVObject@System@@P$AAVEventArgs@4@@Z 00403d14 f i CourseList.obj
 0001:00002d24       ?<Dispose>@CourseList@CS346_A2@@$$FM$AAMX_N@Z 00403d24 f i CourseList.obj
 0001:00002d68       ?InitializeComponent@CourseList@CS346_A2@@$$FA$AAMXXZ 00403d68 f i CourseList.obj
 0001:000035e0       ??0CourseList@CS346_A2@@$$FQ$AAM@XZ 004045e0 f i CourseList.obj
 0001:00003628       ??1ExamSchedule@CS346_A2@@$$FA$AAM@XZ 00404628 f i ExamSchedule.obj
 0001:00003648       ?get_examschedule@ExamSchedule@CS346_A2@@$$FQ$AAMXHP$AAVUser@@@Z 00404648 f i ExamSchedule.obj
 0001:000037c0       ?TimeTableView_Load@ExamSchedule@CS346_A2@@$$FA$AAMXP$AAVObject@System@@P$AAVEventArgs@4@@Z 004047c0 f i ExamSchedule.obj
 0001:000037d0       ?comboBox1_SelectedIndexChanged@ExamSchedule@CS346_A2@@$$FA$AAMXP$AAVObject@System@@P$AAVEventArgs@4@@Z 004047d0 f i ExamSchedule.obj
 0001:000037f4       ?ExamSchedule_Load@ExamSchedule@CS346_A2@@$$FA$AAMXP$AAVObject@System@@P$AAVEventArgs@4@@Z 004047f4 f i ExamSchedule.obj
 0001:00003804       ?<Dispose>@ExamSchedule@CS346_A2@@$$FM$AAMX_N@Z 00404804 f i ExamSchedule.obj
 0001:00003848       ?InitializeComponent@ExamSchedule@CS346_A2@@$$FA$AAMXXZ 00404848 f i ExamSchedule.obj
 0001:00003ca4       ??0ExamSchedule@CS346_A2@@$$FQ$AAM@P$AAVUser@@@Z 00404ca4 f i ExamSchedule.obj
 0001:00003cec       ?algorithm@TimeTable@@$$FSMXP$AAVString@System@@0P$01AP$AAV23@0@Z 00404cec f i permissions.obj
 0001:00003e68       ?algorithmForLab@TimeTable@@$$FSMXP$AAVString@System@@0P$01AP$AAV23@0@Z 00404e68 f i permissions.obj
 0001:00003fdc       ?fillElectiveRoom@TimeTable@@$$FSMXP$AAVString@System@@@Z 00404fdc f i permissions.obj
 0001:000040f4       ?allocateSlots@TimeTable@@$$FSMXXZ 004050f4 f i permissions.obj
 0001:000043b4       ??0TimeTable@@$$FQ$AAM@XZ  004053b4 f i permissions.obj
 0001:000043c8       ?fetchSeating@SeatingHelper@@$$FSMP$AAVSqlDataReader@SqlClient@Data@System@@P$AAVString@5@@Z 004053c8 f i permissions.obj
 0001:00004434       ??0SeatingHelper@@$$FQ$AAM@XZ 00405434 f i permissions.obj
 0001:00004448       ??1permissions@CS346_A2@@$$FA$AAM@XZ 00405448 f i permissions.obj
 0001:00004468       ?fetch@permissions@CS346_A2@@$$FQ$AAMXXZ 00405468 f i permissions.obj
 0001:0000468c       ?permissions_Load@permissions@CS346_A2@@$$FA$AAMXP$AAVObject@System@@P$AAVEventArgs@4@@Z 0040568c f i permissions.obj
 0001:000046a0       ?panel1_Paint@permissions@CS346_A2@@$$FA$AAMXP$AAVObject@System@@P$AAVPaintEventArgs@Forms@Windows@4@@Z 004056a0 f i permissions.obj
 0001:000046b0       ?button2_Click@permissions@CS346_A2@@$$FA$AAMXP$AAVObject@System@@P$AAVEventArgs@4@@Z 004056b0 f i permissions.obj
 0001:0000473c       ?button1_Click@permissions@CS346_A2@@$$FA$AAMXP$AAVObject@System@@P$AAVEventArgs@4@@Z 0040573c f i permissions.obj
 0001:000047c8       ?button3_Click@permissions@CS346_A2@@$$FA$AAMXP$AAVObject@System@@P$AAVEventArgs@4@@Z 004057c8 f i permissions.obj
 0001:00004854       ?button5_Click@permissions@CS346_A2@@$$FA$AAMXP$AAVObject@System@@P$AAVEventArgs@4@@Z 00405854 f i permissions.obj
 0001:000048d8       ?button6_Click@permissions@CS346_A2@@$$FA$AAMXP$AAVObject@System@@P$AAVEventArgs@4@@Z 004058d8 f i permissions.obj
 0001:0000495c       ?button7_Click@permissions@CS346_A2@@$$FA$AAMXP$AAVObject@System@@P$AAVEventArgs@4@@Z 0040595c f i permissions.obj
 0001:000049a4       ?button8_Click@permissions@CS346_A2@@$$FA$AAMXP$AAVObject@System@@P$AAVEventArgs@4@@Z 004059a4 f i permissions.obj
 0001:000049b4       ?button4_Click@permissions@CS346_A2@@$$FA$AAMXP$AAVObject@System@@P$AAVEventArgs@4@@Z 004059b4 f i permissions.obj
 0001:000049c4       ?button9_Click@permissions@CS346_A2@@$$FA$AAMXP$AAVObject@System@@P$AAVEventArgs@4@@Z 004059c4 f i permissions.obj
 0001:00004a0c       ?<Dispose>@permissions@CS346_A2@@$$FM$AAMX_N@Z 00405a0c f i permissions.obj
 0001:00004a50       ?InitializeComponent@permissions@CS346_A2@@$$FA$AAMXXZ 00405a50 f i permissions.obj
 0001:00005790       ??0permissions@CS346_A2@@$$FQ$AAM@XZ 00406790 f i permissions.obj
 0001:00005818       ??1Queries_Admin@CS346_A2@@$$FA$AAM@XZ 00406818 f i Queries_Admin.obj
 0001:00005838       ?get_Queries@Queries_Admin@CS346_A2@@$$FQ$AAMXXZ 00406838 f i Queries_Admin.obj
 0001:00005940       ?Resolve_query@Queries_Admin@CS346_A2@@$$FQ$AAMXXZ 00406940 f i Queries_Admin.obj
 0001:00005aec       ?Queries_Admin_Load@Queries_Admin@CS346_A2@@$$FA$AAMXP$AAVObject@System@@P$AAVEventArgs@4@@Z 00406aec f i Queries_Admin.obj
 0001:00005b00       ?button1_Click@Queries_Admin@CS346_A2@@$$FA$AAMXP$AAVObject@System@@P$AAVEventArgs@4@@Z 00406b00 f i Queries_Admin.obj
 0001:00005b10       ?button2_Click@Queries_Admin@CS346_A2@@$$FA$AAMXP$AAVObject@System@@P$AAVEventArgs@4@@Z 00406b10 f i Queries_Admin.obj
 0001:00005b2c       ?<Dispose>@Queries_Admin@CS346_A2@@$$FM$AAMX_N@Z 00406b2c f i Queries_Admin.obj
 0001:00005b70       ?InitializeComponent@Queries_Admin@CS346_A2@@$$FA$AAMXXZ 00406b70 f i Queries_Admin.obj
 0001:00006018       ??0Queries_Admin@CS346_A2@@$$FQ$AAM@P$AAVUser@@@Z 00407018 f i Queries_Admin.obj
 0001:00006060       ??1Queries_User@CS346_A2@@$$FA$AAM@XZ 00407060 f i Queries_User.obj
 0001:00006080       ?add_complaint@Queries_User@CS346_A2@@$$FQ$AAMXP$AAVUser@@@Z 00407080 f i Queries_User.obj
 0001:0000613c       ?get_Queries@Queries_User@CS346_A2@@$$FQ$AAMXP$AAVUser@@@Z 0040713c f i Queries_User.obj
 0001:00006260       ?Queries_User_Load@Queries_User@CS346_A2@@$$FA$AAMXP$AAVObject@System@@P$AAVEventArgs@4@@Z 00407260 f i Queries_User.obj
 0001:0000627c       ?button1_Click@Queries_User@CS346_A2@@$$FA$AAMXP$AAVObject@System@@P$AAVEventArgs@4@@Z 0040727c f i Queries_User.obj
 0001:000062a4       ?<Dispose>@Queries_User@CS346_A2@@$$FM$AAMX_N@Z 004072a4 f i Queries_User.obj
 0001:000062e8       ?InitializeComponent@Queries_User@CS346_A2@@$$FA$AAMXXZ 004072e8 f i Queries_User.obj
 0001:000066b0       ??0Queries_User@CS346_A2@@$$FQ$AAM@P$AAVUser@@@Z 004076b0 f i Queries_User.obj
 0001:000066f8       ?CheckError@_com_util@@$$FYAXJ@Z 004076f8 f i Root.obj
 0001:00006710       ?AddRef@Data_t@_bstr_t@@$$FQAEKXZ 00407710 f i Root.obj
 0001:0000672c       ??0_variant_t@@$$FQAE@ABV0@@Z 0040772c f i Root.obj
 0001:00006752       __t2m@??0_variant_t@@QAE@ABV0@@Z 00407752 f i Root.obj
 0001:00006758       ??0_com_error@@$$FQAE@ABV0@@Z 00407758 f i Root.obj
 0001:00006797       __t2m@??0_com_error@@QAE@ABV0@@Z 00407797 f i Root.obj
 0001:000067a0       ?assign@?$char_traits@D@std@@$$FSAPADPADID@Z 004077a0 f i Root.obj
 0001:000067b8       ?PtrToStringChars@@$$FYMP$CB_WP$ABVString@System@@@Z 004077b8 f i Root.obj
 0001:000067d4       ?GetAnsiStringSize@details@interop@msclr@@$$FYMIP$AAVString@System@@@Z 004077d4 f i Root.obj
 0001:00006820       ?WriteAnsiString@details@interop@msclr@@$$FYMXPADIP$AAVString@System@@@Z 00407820 f i Root.obj
 0001:00006884       ??0context_node_base@interop@msclr@@$$FQ$AAM@XZ 00407884 f i Root.obj
 0001:00006898       ?.cctor@context_node_base@interop@msclr@@$$FSMXXZ 00407898 f i Root.obj
 0001:000068ac       ??0marshal_context@interop@msclr@@$$FQ$AAM@XZ 004078ac f i Root.obj
 0001:000068cc       ??1marshal_context@interop@msclr@@$$FA$AAM@XZ 004078cc f i Root.obj
 0001:00006910       ?<Dispose>@marshal_context@interop@msclr@@$$FM$AAMX_N@Z 00407910 f i Root.obj
 0001:00006930       ?<Finalizer>@?$context_node@PBDP$AAVString@System@@@interop@msclr@@$$FA$AAMXXZ 00407930 f i Root.obj
 0001:00006948       ??0?$context_node@PB_WP$AAVString@System@@@interop@msclr@@$$FQ$AAM@AAPB_WP$AAVString@System@@@Z 00407948 f i Root.obj
 0001:00006978       ?<Finalizer>@?$context_node@PB_WP$AAVString@System@@@interop@msclr@@$$FA$AAMXXZ 00407978 f i Root.obj
 0001:000069ac       ?FormatString@MiscellaneousFunctions@@$$FSMP$AAVString@System@@H@Z 004079ac f i Root.obj
 0001:000069cc       ?generateUserIdProf@MiscellaneousFunctions@@$$FSMP$AAVString@System@@P$AAV23@@Z 004079cc f i Root.obj
 0001:00006a34       ?generateUserIdStudent@MiscellaneousFunctions@@$$FSMP$AAVString@System@@P$AAV23@@Z 00407a34 f i Root.obj
 0001:00006aa4       ??0MiscellaneousFunctions@@$$FQ$AAM@XZ 00407aa4 f i Root.obj
 0001:00006ab8       ??1Student_Profile@CS346_A2@@$$FA$AAM@XZ 00407ab8 f i Root.obj
 0001:00006ad8       ?pictureBox1_Click@Student_Profile@CS346_A2@@$$FA$AAMXP$AAVObject@System@@P$AAVEventArgs@4@@Z 00407ad8 f i Root.obj
 0001:00006ae8       ?ImageToByteArray@Student_Profile@CS346_A2@@$$FQ$AAMP$01AEP$AAVImage@Drawing@System@@@Z 00407ae8 f i Root.obj
 0001:00006b10       ?Upload_Profile_Photo@Student_Profile@CS346_A2@@$$FQ$AAMXP$AAVUser@@P$AAVImage@Drawing@System@@@Z 00407b10 f i Root.obj
 0001:00006ba4       ?profile_photo_fetch@Student_Profile@CS346_A2@@$$FQ$AAMXP$AAVUser@@@Z 00407ba4 f i Root.obj
 0001:00006c84       ?UploadImageToDatabase@Student_Profile@CS346_A2@@$$FQ$AAMXP$01AEH@Z 00407c84 f i Root.obj
 0001:00006d68       ?textBox1_TextChanged@Student_Profile@CS346_A2@@$$FA$AAMXP$AAVObject@System@@P$AAVEventArgs@4@@Z 00407d68 f i Root.obj
 0001:00006d78       ?label11_Click@Student_Profile@CS346_A2@@$$FA$AAMXP$AAVObject@System@@P$AAVEventArgs@4@@Z 00407d78 f i Root.obj
 0001:00006d88       ?<Dispose>@Student_Profile@CS346_A2@@$$FM$AAMX_N@Z 00407d88 f i Root.obj
 0001:00006dcc       ??1Welcome_Pic@CS346_A2@@$$FA$AAM@XZ 00407dcc f i Root.obj
 0001:00006dec       ?InitializeComponent@Welcome_Pic@CS346_A2@@$$FA$AAMXXZ 00407dec f i Root.obj
 0001:000070ac       ?<Dispose>@Welcome_Pic@CS346_A2@@$$FM$AAMX_N@Z 004080ac f i Root.obj
 0001:000070f0       ??1Course_EnrollPage@CS346_A2@@$$FA$AAM@XZ 004080f0 f i Root.obj
 0001:00007110       ?retrieve_semester@Course_EnrollPage@CS346_A2@@$$FA$AAMHXZ 00408110 f i Root.obj
 0001:00007194       ?retrieve_year@Course_EnrollPage@CS346_A2@@$$FA$AAMHXZ 00408194 f i Root.obj
 0001:000071f4       ?label1_Click@Course_EnrollPage@CS346_A2@@$$FA$AAMXP$AAVObject@System@@P$AAVEventArgs@4@@Z 004081f4 f i Root.obj
 0001:00007204       ?is_registered@Course_EnrollPage@CS346_A2@@$$FA$AAM_NP$AAVString@System@@@Z 00408204 f i Root.obj
 0001:0000728c       ?disp_comp_courses@Course_EnrollPage@CS346_A2@@$$FA$AAMXH@Z 0040828c f i Root.obj
 0001:00007400       ?Add_DE@Course_EnrollPage@CS346_A2@@$$FA$AAMXHH@Z 00408400 f i Root.obj
 0001:00007648       ?Add_OE@Course_EnrollPage@CS346_A2@@$$FA$AAMXHH@Z 00408648 f i Root.obj
 0001:00007774       ?disp_electives@Course_EnrollPage@CS346_A2@@$$FA$AAMXH@Z 00408774 f i Root.obj
 0001:00007858       ?DescButtonClicked@Course_EnrollPage@CS346_A2@@$$FA$AAMXHP$AAVDataGridView@Forms@Windows@System@@P$AAVString@6@@Z 00408858 f i Root.obj
 0001:00007904       ?check_slot_clash@Course_EnrollPage@CS346_A2@@$$FA$AAM_NP$AAVString@System@@@Z 00408904 f i Root.obj
 0001:00007964       ?RegButtonClicked@Course_EnrollPage@CS346_A2@@$$FA$AAMXHHP$AAVDataGridView@Forms@Windows@System@@P$AAVString@6@1_N@Z 00408964 f i Root.obj
 0001:00007b5c       ?dataGridView2_CellContentClick@Course_EnrollPage@CS346_A2@@$$FA$AAMXP$AAVObject@System@@P$AAVDataGridViewCellEventArgs@Forms@Windows@4@@Z 00408b5c f i Root.obj
 0001:00007cd0       ?ComboBox_SelectedIndexChanged_Elec@Course_EnrollPage@CS346_A2@@$$FA$AAMXP$AAVObject@System@@P$AAVEventArgs@4@@Z 00408cd0 f i Root.obj
 0001:00007e18       ?label2_Click@Course_EnrollPage@CS346_A2@@$$FA$AAMXP$AAVObject@System@@P$AAVEventArgs@4@@Z 00408e18 f i Root.obj
 0001:00007e28       ?display_audit_courses@Course_EnrollPage@CS346_A2@@$$FA$AAMXXZ 00408e28 f i Root.obj
 0001:00007f6c       ?dataGridView3_CellContentClick@Course_EnrollPage@CS346_A2@@$$FA$AAMXP$AAVObject@System@@P$AAVDataGridViewCellEventArgs@Forms@Windows@4@@Z 00408f6c f i Root.obj
 0001:000080e0       ?ComboBox_SelectedIndexChanged_Audit@Course_EnrollPage@CS346_A2@@$$FA$AAMXP$AAVObject@System@@P$AAVEventArgs@4@@Z 004090e0 f i Root.obj
 0001:00008330       ?<Dispose>@Course_EnrollPage@CS346_A2@@$$FM$AAMX_N@Z 00409330 f i Root.obj
 0001:00008374       ??1RegisteredCourses@CS346_A2@@$$FA$AAM@XZ 00409374 f i Root.obj
 0001:00008394       ?listView1_DrawColumnHeader@RegisteredCourses@CS346_A2@@$$FA$AAMXP$AAVObject@System@@P$AAVDrawListViewColumnHeaderEventArgs@Forms@Windows@4@@Z 00409394 f i Root.obj
 0001:000083f4       ?fill_Registered_table@RegisteredCourses@CS346_A2@@$$FQ$AAMXP$AAVUser@@@Z 004093f4 f i Root.obj
 0001:000085d4       ?get_reg_status@RegisteredCourses@CS346_A2@@$$FQ$AAMXP$AAVUser@@@Z 004095d4 f i Root.obj
 0001:00008648       ?RegisteredCourses_Load@RegisteredCourses@CS346_A2@@$$FA$AAMXP$AAVObject@System@@P$AAVEventArgs@4@@Z 00409648 f i Root.obj
 0001:000086bc       ?listView1_SelectedIndexChanged@RegisteredCourses@CS346_A2@@$$FA$AAMXP$AAVObject@System@@P$AAVEventArgs@4@@Z 004096bc f i Root.obj
 0001:000086cc       ?<Dispose>@RegisteredCourses@CS346_A2@@$$FM$AAMX_N@Z 004096cc f i Root.obj
 0001:00008710       ??1Fee_Payment_Dummy@CS346_A2@@$$FA$AAM@XZ 00409710 f i Root.obj
 0001:00008730       ?get_profile@Fee_Payment_Dummy@CS346_A2@@$$FQ$AAMXP$AAVUser@@@Z 00409730 f i Root.obj
 0001:00008848       ?get_fee_data@Fee_Payment_Dummy@CS346_A2@@$$FQ$AAMXP$AAVStudent_data@@@Z 00409848 f i Root.obj
 0001:000089d0       ?get_current_sem@Fee_Payment_Dummy@CS346_A2@@$$FQ$AAMXXZ 004099d0 f i Root.obj
 0001:00008a64       ?Fee_Payment_Dummy_Load@Fee_Payment_Dummy@CS346_A2@@$$FA$AAMXP$AAVObject@System@@P$AAVEventArgs@4@@Z 00409a64 f i Root.obj
 0001:00008ae0       ?label3_Click@Fee_Payment_Dummy@CS346_A2@@$$FA$AAMXP$AAVObject@System@@P$AAVEventArgs@4@@Z 00409ae0 f i Root.obj
 0001:00008af0       ?label4_Click@Fee_Payment_Dummy@CS346_A2@@$$FA$AAMXP$AAVObject@System@@P$AAVEventArgs@4@@Z 00409af0 f i Root.obj
 0001:00008b00       ?label5_Click@Fee_Payment_Dummy@CS346_A2@@$$FA$AAMXP$AAVObject@System@@P$AAVEventArgs@4@@Z 00409b00 f i Root.obj
 0001:00008b10       ?label6_Click@Fee_Payment_Dummy@CS346_A2@@$$FA$AAMXP$AAVObject@System@@P$AAVEventArgs@4@@Z 00409b10 f i Root.obj
 0001:00008b20       ?button1_Click@Fee_Payment_Dummy@CS346_A2@@$$FA$AAMXP$AAVObject@System@@P$AAVEventArgs@4@@Z 00409b20 f i Root.obj
 0001:00008b30       ?label2_Click@Fee_Payment_Dummy@CS346_A2@@$$FA$AAMXP$AAVObject@System@@P$AAVEventArgs@4@@Z 00409b30 f i Root.obj
 0001:00008b40       ?button2_Click@Fee_Payment_Dummy@CS346_A2@@$$FA$AAMXP$AAVObject@System@@P$AAVEventArgs@4@@Z 00409b40 f i Root.obj
 0001:00008c18       ?pictureBox1_Click@Fee_Payment_Dummy@CS346_A2@@$$FA$AAMXP$AAVObject@System@@P$AAVEventArgs@4@@Z 00409c18 f i Root.obj
 0001:00008c28       ?label13_Click@Fee_Payment_Dummy@CS346_A2@@$$FA$AAMXP$AAVObject@System@@P$AAVEventArgs@4@@Z 00409c28 f i Root.obj
 0001:00008c38       ?label2_Click_1@Fee_Payment_Dummy@CS346_A2@@$$FA$AAMXP$AAVObject@System@@P$AAVEventArgs@4@@Z 00409c38 f i Root.obj
 0001:00008c48       ?label3_Click_1@Fee_Payment_Dummy@CS346_A2@@$$FA$AAMXP$AAVObject@System@@P$AAVEventArgs@4@@Z 00409c48 f i Root.obj
 0001:00008c58       ?<Dispose>@Fee_Payment_Dummy@CS346_A2@@$$FM$AAMX_N@Z 00409c58 f i Root.obj
 0001:00008c9c       ??1TimeTableView@CS346_A2@@$$FA$AAM@XZ 00409c9c f i Root.obj
 0001:00008cbc       ?get_timetable@TimeTableView@CS346_A2@@$$FQ$AAMXP$AAVString@System@@P$AAVUser@@@Z 00409cbc f i Root.obj
 0001:00008e3c       ?TimeTableView_Load@TimeTableView@CS346_A2@@$$FA$AAMXP$AAVObject@System@@P$AAVEventArgs@4@@Z 00409e3c f i Root.obj
 0001:00008e4c       ?comboBox1_SelectedIndexChanged@TimeTableView@CS346_A2@@$$FA$AAMXP$AAVObject@System@@P$AAVEventArgs@4@@Z 00409e4c f i Root.obj
 0001:00008e78       ?listView1_SelectedIndexChanged@TimeTableView@CS346_A2@@$$FA$AAMXP$AAVObject@System@@P$AAVEventArgs@4@@Z 00409e78 f i Root.obj
 0001:00008e88       ?label4_Click@TimeTableView@CS346_A2@@$$FA$AAMXP$AAVObject@System@@P$AAVEventArgs@4@@Z 00409e88 f i Root.obj
 0001:00008e98       ?<Dispose>@TimeTableView@CS346_A2@@$$FM$AAMX_N@Z 00409e98 f i Root.obj
 0001:00008edc       ??1StudentHome@CS346_A2@@$$FA$AAM@XZ 00409edc f i Root.obj
 0001:00008efc       ?label1_Click@StudentHome@CS346_A2@@$$FA$AAMXP$AAVObject@System@@P$AAVEventArgs@4@@Z 00409efc f i Root.obj
 0001:00008f0c       ?button1_Click@StudentHome@CS346_A2@@$$FA$AAMXP$AAVObject@System@@P$AAVEventArgs@4@@Z 00409f0c f i Root.obj
 0001:00008f4c       ?label10_Click@StudentHome@CS346_A2@@$$FA$AAMXP$AAVObject@System@@P$AAVEventArgs@4@@Z 00409f4c f i Root.obj
 0001:00008f8c       ?pictureBox6_Click@StudentHome@CS346_A2@@$$FA$AAMXP$AAVObject@System@@P$AAVEventArgs@4@@Z 00409f8c f i Root.obj
 0001:00008f9c       ?pictureBox8_Click@StudentHome@CS346_A2@@$$FA$AAMXP$AAVObject@System@@P$AAVEventArgs@4@@Z 00409f9c f i Root.obj
 0001:00008fac       ?pictureBox2_Click@StudentHome@CS346_A2@@$$FA$AAMXP$AAVObject@System@@P$AAVEventArgs@4@@Z 00409fac f i Root.obj
 0001:00008fbc       ?label1_Click_1@StudentHome@CS346_A2@@$$FA$AAMXP$AAVObject@System@@P$AAVEventArgs@4@@Z 00409fbc f i Root.obj
 0001:00008fcc       ?<Dispose>@StudentHome@CS346_A2@@$$FM$AAMX_N@Z 00409fcc f i Root.obj
 0001:00009010       ??1Grade@CS346_A2@@$$FA$AAM@XZ 0040a010 f i Root.obj
 0001:00009030       ?Grade_Load@Grade@CS346_A2@@$$FA$AAMXP$AAVObject@System@@P$AAVEventArgs@4@@Z 0040a030 f i Root.obj
 0001:000090e4       ?button1_Click@Grade@CS346_A2@@$$FA$AAMXP$AAVObject@System@@P$AAVEventArgs@4@@Z 0040a0e4 f i Root.obj
 0001:00009104       ?panel1_Paint@Grade@CS346_A2@@$$FA$AAMXP$AAVObject@System@@P$AAVPaintEventArgs@Forms@Windows@4@@Z 0040a104 f i Root.obj
 0001:00009114       ?<Dispose>@Grade@CS346_A2@@$$FM$AAMX_N@Z 0040a114 f i Root.obj
 0001:00009158       ??1Signup@CS346_A2@@$$FA$AAM@XZ 0040a158 f i Root.obj
 0001:00009178       ?fetch@Signup@CS346_A2@@$$FQ$AAMXXZ 0040a178 f i Root.obj
 0001:000092a8       ?Signup_Load@Signup@CS346_A2@@$$FA$AAMXP$AAVObject@System@@P$AAVEventArgs@4@@Z 0040a2a8 f i Root.obj
 0001:000092bc       ?panel1_Paint@Signup@CS346_A2@@$$FA$AAMXP$AAVObject@System@@P$AAVPaintEventArgs@Forms@Windows@4@@Z 0040a2bc f i Root.obj
 0001:000092cc       ?button2_Click@Signup@CS346_A2@@$$FA$AAMXP$AAVObject@System@@P$AAVEventArgs@4@@Z 0040a2cc f i Root.obj
 0001:00009448       ?button1_Click@Signup@CS346_A2@@$$FA$AAMXP$AAVObject@System@@P$AAVEventArgs@4@@Z 0040a448 f i Root.obj
 0001:00009974       ?<Dispose>@Signup@CS346_A2@@$$FM$AAMX_N@Z 0040a974 f i Root.obj
 0001:000099b8       ??1AdminHome@CS346_A2@@$$FA$AAM@XZ 0040a9b8 f i Root.obj
 0001:000099d8       ?button1_Click@AdminHome@CS346_A2@@$$FA$AAMXP$AAVObject@System@@P$AAVEventArgs@4@@Z 0040a9d8 f i Root.obj
 0001:000099e8       ?panel1_Paint@AdminHome@CS346_A2@@$$FA$AAMXP$AAVObject@System@@P$AAVPaintEventArgs@Forms@Windows@4@@Z 0040a9e8 f i Root.obj
 0001:000099f8       ?button2_Click@AdminHome@CS346_A2@@$$FA$AAMXP$AAVObject@System@@P$AAVEventArgs@4@@Z 0040a9f8 f i Root.obj
 0001:00009a08       ?button5_Click@AdminHome@CS346_A2@@$$FA$AAMXP$AAVObject@System@@P$AAVEventArgs@4@@Z 0040aa08 f i Root.obj
 0001:00009a18       ?button8_Click@AdminHome@CS346_A2@@$$FA$AAMXP$AAVObject@System@@P$AAVEventArgs@4@@Z 0040aa18 f i Root.obj
 0001:00009a28       ?button7_Click@AdminHome@CS346_A2@@$$FA$AAMXP$AAVObject@System@@P$AAVEventArgs@4@@Z 0040aa28 f i Root.obj
 0001:00009a38       ?label6_Click@AdminHome@CS346_A2@@$$FA$AAMXP$AAVObject@System@@P$AAVEventArgs@4@@Z 0040aa38 f i Root.obj
 0001:00009a48       ?button6_Click@AdminHome@CS346_A2@@$$FA$AAMXP$AAVObject@System@@P$AAVEventArgs@4@@Z 0040aa48 f i Root.obj
 0001:00009a58       ?button9_Click@AdminHome@CS346_A2@@$$FA$AAMXP$AAVObject@System@@P$AAVEventArgs@4@@Z 0040aa58 f i Root.obj
 0001:00009a68       ?label8_Click@AdminHome@CS346_A2@@$$FA$AAMXP$AAVObject@System@@P$AAVEventArgs@4@@Z 0040aa68 f i Root.obj
 0001:00009a78       ?button4_Click@AdminHome@CS346_A2@@$$FA$AAMXP$AAVObject@System@@P$AAVEventArgs@4@@Z 0040aa78 f i Root.obj
 0001:00009a88       ?button3_Click@AdminHome@CS346_A2@@$$FA$AAMXP$AAVObject@System@@P$AAVEventArgs@4@@Z 0040aa88 f i Root.obj
 0001:00009a98       ?label10_Click@AdminHome@CS346_A2@@$$FA$AAMXP$AAVObject@System@@P$AAVEventArgs@4@@Z 0040aa98 f i Root.obj
 0001:00009ad8       ?pictureBox5_Click@AdminHome@CS346_A2@@$$FA$AAMXP$AAVObject@System@@P$AAVEventArgs@4@@Z 0040aad8 f i Root.obj
 0001:00009ae8       ?pictureBox8_Click@AdminHome@CS346_A2@@$$FA$AAMXP$AAVObject@System@@P$AAVEventArgs@4@@Z 0040aae8 f i Root.obj
 0001:00009af8       ?<Dispose>@AdminHome@CS346_A2@@$$FM$AAMX_N@Z 0040aaf8 f i Root.obj
 0001:00009b3c       ??1CourseForm@CS346_A2@@$$FA$AAM@XZ 0040ab3c f i Root.obj
 0001:00009b5c       ?ApproveButton_Click@CourseForm@CS346_A2@@$$FA$AAMXP$AAVObject@System@@P$AAVEventArgs@4@@Z 0040ab5c f i Root.obj
 0001:00009cc8       ?RejectButton_Click@CourseForm@CS346_A2@@$$FA$AAMXP$AAVObject@System@@P$AAVEventArgs@4@@Z 0040acc8 f i Root.obj
 0001:00009e14       ?CourseForm_Load@CourseForm@CS346_A2@@$$FA$AAMXP$AAVObject@System@@P$AAVEventArgs@4@@Z 0040ae14 f i Root.obj
 0001:00009e24       ?<Dispose>@CourseForm@CS346_A2@@$$FM$AAMX_N@Z 0040ae24 f i Root.obj
 0001:00009e68       ??1AddCourseForm@CS346_A2@@$$FA$AAM@XZ 0040ae68 f i Root.obj
 0001:00009e88       ?AddCourseToDatabase@AddCourseForm@CS346_A2@@$$FA$AAMXH@Z 0040ae88 f i Root.obj
 0001:0000a064       ?button1_Click@AddCourseForm@CS346_A2@@$$FA$AAMXP$AAVObject@System@@P$AAVEventArgs@4@@Z 0040b064 f i Root.obj
 0001:0000a0f4       ?IsValidInt@AddCourseForm@CS346_A2@@$$FA$AAM_NP$AAVString@System@@@Z 0040b0f4 f i Root.obj
 0001:0000a130       ?AddCourseForm_Load@AddCourseForm@CS346_A2@@$$FA$AAMXP$AAVObject@System@@P$AAVEventArgs@4@@Z 0040b130 f i Root.obj
 0001:0000a140       ?button2_Click@AddCourseForm@CS346_A2@@$$FA$AAMXP$AAVObject@System@@P$AAVEventArgs@4@@Z 0040b140 f i Root.obj
 0001:0000a238       ?label10_Click@AddCourseForm@CS346_A2@@$$FA$AAMXP$AAVObject@System@@P$AAVEventArgs@4@@Z 0040b238 f i Root.obj
 0001:0000a248       ?<Dispose>@AddCourseForm@CS346_A2@@$$FM$AAMX_N@Z 0040b248 f i Root.obj
 0001:0000a28c       ??1ProfileForm@CS346_A2@@$$FA$AAM@XZ 0040b28c f i Root.obj
 0001:0000a2ac       ?btnProfile_Click@ProfileForm@CS346_A2@@$$FA$AAMXP$AAVObject@System@@P$AAVEventArgs@4@@Z 0040b2ac f i Root.obj
 0001:0000a3d0       ?FetchUserData@ProfileForm@CS346_A2@@$$FA$AAMXH@Z 0040b3d0 f i Root.obj
 0001:0000a650       ?UploadImageToDatabase@ProfileForm@CS346_A2@@$$FA$AAMXP$01AEH@Z 0040b650 f i Root.obj
 0001:0000a734       ?DisplayImageFromDatabase@ProfileForm@CS346_A2@@$$FA$AAMXP$01AE@Z 0040b734 f i Root.obj
 0001:0000a78c       ?ImageToByteArray@ProfileForm@CS346_A2@@$$FA$AAMP$01AEP$AAVImage@Drawing@System@@@Z 0040b78c f i Root.obj
 0001:0000a7b4       ?label9_Click@ProfileForm@CS346_A2@@$$FA$AAMXP$AAVObject@System@@P$AAVEventArgs@4@@Z 0040b7b4 f i Root.obj
 0001:0000a7c4       ?textBox1_TextChanged@ProfileForm@CS346_A2@@$$FA$AAMXP$AAVObject@System@@P$AAVEventArgs@4@@Z 0040b7c4 f i Root.obj
 0001:0000a7d4       ?panel1_Paint@ProfileForm@CS346_A2@@$$FA$AAMXP$AAVObject@System@@P$AAVPaintEventArgs@Forms@Windows@4@@Z 0040b7d4 f i Root.obj
 0001:0000a7e4       ?dtpDOB_ValueChanged@ProfileForm@CS346_A2@@$$FA$AAMXP$AAVObject@System@@P$AAVEventArgs@4@@Z 0040b7e4 f i Root.obj
 0001:0000a7f4       ?txtContact_TextChanged@ProfileForm@CS346_A2@@$$FA$AAMXP$AAVObject@System@@P$AAVEventArgs@4@@Z 0040b7f4 f i Root.obj
 0001:0000a804       ?txtEmail_TextChanged@ProfileForm@CS346_A2@@$$FA$AAMXP$AAVObject@System@@P$AAVEventArgs@4@@Z 0040b804 f i Root.obj
 0001:0000a814       ?txtRoom_TextChanged@ProfileForm@CS346_A2@@$$FA$AAMXP$AAVObject@System@@P$AAVEventArgs@4@@Z 0040b814 f i Root.obj
 0001:0000a824       ?txtDesign_TextChanged@ProfileForm@CS346_A2@@$$FA$AAMXP$AAVObject@System@@P$AAVEventArgs@4@@Z 0040b824 f i Root.obj
 0001:0000a834       ?txtResearch_TextChanged@ProfileForm@CS346_A2@@$$FA$AAMXP$AAVObject@System@@P$AAVEventArgs@4@@Z 0040b834 f i Root.obj
 0001:0000a844       ?label3_Click@ProfileForm@CS346_A2@@$$FA$AAMXP$AAVObject@System@@P$AAVEventArgs@4@@Z 0040b844 f i Root.obj
 0001:0000a854       ?label4_Click@ProfileForm@CS346_A2@@$$FA$AAMXP$AAVObject@System@@P$AAVEventArgs@4@@Z 0040b854 f i Root.obj
 0001:0000a864       ?label7_Click@ProfileForm@CS346_A2@@$$FA$AAMXP$AAVObject@System@@P$AAVEventArgs@4@@Z 0040b864 f i Root.obj
 0001:0000a874       ?label5_Click@ProfileForm@CS346_A2@@$$FA$AAMXP$AAVObject@System@@P$AAVEventArgs@4@@Z 0040b874 f i Root.obj
 0001:0000a884       ?label13_Click@ProfileForm@CS346_A2@@$$FA$AAMXP$AAVObject@System@@P$AAVEventArgs@4@@Z 0040b884 f i Root.obj
 0001:0000a894       ?ProfileForm_Load@ProfileForm@CS346_A2@@$$FA$AAMXP$AAVObject@System@@P$AAVEventArgs@4@@Z 0040b894 f i Root.obj
 0001:0000a8a4       ?button1_Click@ProfileForm@CS346_A2@@$$FA$AAMXP$AAVObject@System@@P$AAVEventArgs@4@@Z 0040b8a4 f i Root.obj
 0001:0000a8b4       ?pictureBox1_Click@ProfileForm@CS346_A2@@$$FA$AAMXP$AAVObject@System@@P$AAVEventArgs@4@@Z 0040b8b4 f i Root.obj
 0001:0000a8c4       ?<Dispose>@ProfileForm@CS346_A2@@$$FM$AAMX_N@Z 0040b8c4 f i Root.obj
 0001:0000a908       ??1AddGradeForm@CS346_A2@@$$FA$AAM@XZ 0040b908 f i Root.obj
 0001:0000a928       ?InitializeComponent@AddGradeForm@CS346_A2@@$$FA$AAMXXZ 0040b928 f i Root.obj
 0001:0000a97c       ?AddGradeButton_Click@AddGradeForm@CS346_A2@@$$FA$AAMXP$AAVObject@System@@P$AAVEventArgs@4@@Z 0040b97c f i Root.obj
 0001:0000abd8       ?<Dispose>@AddGradeForm@CS346_A2@@$$FM$AAMX_N@Z 0040bbd8 f i Root.obj
 0001:0000ac1c       ??1FacultyHome@CS346_A2@@$$FA$AAM@XZ 0040bc1c f i Root.obj
 0001:0000ac3c       ?FacultyHome_Load@FacultyHome@CS346_A2@@$$FA$AAMXP$AAVObject@System@@P$AAVEventArgs@4@@Z 0040bc3c f i Root.obj
 0001:0000ac6c       ?button1_Click@FacultyHome@CS346_A2@@$$FA$AAMXP$AAVObject@System@@P$AAVEventArgs@4@@Z 0040bc6c f i Root.obj
 0001:0000acac       ?panel1_Paint@FacultyHome@CS346_A2@@$$FA$AAMXP$AAVObject@System@@P$AAVPaintEventArgs@Forms@Windows@4@@Z 0040bcac f i Root.obj
 0001:0000acbc       ?label2_Click@FacultyHome@CS346_A2@@$$FA$AAMXP$AAVObject@System@@P$AAVEventArgs@4@@Z 0040bcbc f i Root.obj
 0001:0000accc       ?pictureBox1_Click@FacultyHome@CS346_A2@@$$FA$AAMXP$AAVObject@System@@P$AAVEventArgs@4@@Z 0040bccc f i Root.obj
 0001:0000acdc       ?pictureBox10_Click@FacultyHome@CS346_A2@@$$FA$AAMXP$AAVObject@System@@P$AAVEventArgs@4@@Z 0040bcdc f i Root.obj
 0001:0000acec       ?label7_Click@FacultyHome@CS346_A2@@$$FA$AAMXP$AAVObject@System@@P$AAVEventArgs@4@@Z 0040bcec f i Root.obj
 0001:0000ad2c       ?lblName_Click@FacultyHome@CS346_A2@@$$FA$AAMXP$AAVObject@System@@P$AAVEventArgs@4@@Z 0040bd2c f i Root.obj
 0001:0000ad3c       ?pictureBox5_Click@FacultyHome@CS346_A2@@$$FA$AAMXP$AAVObject@System@@P$AAVEventArgs@4@@Z 0040bd3c f i Root.obj
 0001:0000ad4c       ?pictureBox2_Click@FacultyHome@CS346_A2@@$$FA$AAMXP$AAVObject@System@@P$AAVEventArgs@4@@Z 0040bd4c f i Root.obj
 0001:0000ad5c       ?pictureBox7_Click@FacultyHome@CS346_A2@@$$FA$AAMXP$AAVObject@System@@P$AAVEventArgs@4@@Z 0040bd5c f i Root.obj
 0001:0000ad6c       ?pictureBox8_Click@FacultyHome@CS346_A2@@$$FA$AAMXP$AAVObject@System@@P$AAVEventArgs@4@@Z 0040bd6c f i Root.obj
 0001:0000ad7c       ?<Dispose>@FacultyHome@CS346_A2@@$$FM$AAMX_N@Z 0040bd7c f i Root.obj
 0001:0000adc0       ??1Register@CS346_A2@@$$FA$AAM@XZ 0040bdc0 f i Root.obj
 0001:0000ade0       ?Register_Load@Register@CS346_A2@@$$FA$AAMXP$AAVObject@System@@P$AAVEventArgs@4@@Z 0040bde0 f i Root.obj
 0001:0000adf0       ?label7_Click@Register@CS346_A2@@$$FA$AAMXP$AAVObject@System@@P$AAVEventArgs@4@@Z 0040bdf0 f i Root.obj
 0001:0000ae00       ?IsPasswordValid@Register@CS346_A2@@$$FA$AAM_NP$AAVString@System@@@Z 0040be00 f i Root.obj
 0001:0000ae7c       ?label8_Click@Register@CS346_A2@@$$FA$AAMXP$AAVObject@System@@P$AAVEventArgs@4@@Z 0040be7c f i Root.obj
 0001:0000ae8c       ?label5_Click@Register@CS346_A2@@$$FA$AAMXP$AAVObject@System@@P$AAVEventArgs@4@@Z 0040be8c f i Root.obj
 0001:0000ae9c       ?pictureBox1_Click@Register@CS346_A2@@$$FA$AAMXP$AAVObject@System@@P$AAVEventArgs@4@@Z 0040be9c f i Root.obj
 0001:0000aeac       ?textBox7_TextChanged@Register@CS346_A2@@$$FA$AAMXP$AAVObject@System@@P$AAVEventArgs@4@@Z 0040beac f i Root.obj
 0001:0000aebc       ?button2_Click@Register@CS346_A2@@$$FA$AAMXP$AAVObject@System@@P$AAVEventArgs@4@@Z 0040bebc f i Root.obj
 0001:0000af4c       ?<Dispose>@Register@CS346_A2@@$$FM$AAMX_N@Z 0040bf4c f i Root.obj
 0001:0000af90       ??1MyForm@CS346_A2@@$$FA$AAM@XZ 0040bf90 f i Root.obj
 0001:0000afb0       ?label2_Click@MyForm@CS346_A2@@$$FA$AAMXP$AAVObject@System@@P$AAVEventArgs@4@@Z 0040bfb0 f i Root.obj
 0001:0000afc0       ?comboBox2_SelectedIndexChanged@MyForm@CS346_A2@@$$FA$AAMXP$AAVObject@System@@P$AAVEventArgs@4@@Z 0040bfc0 f i Root.obj
 0001:0000afd0       ?MyForm_Load@MyForm@CS346_A2@@$$FA$AAMXP$AAVObject@System@@P$AAVEventArgs@4@@Z 0040bfd0 f i Root.obj
 0001:0000afe0       ?label6_Click@MyForm@CS346_A2@@$$FA$AAMXP$AAVObject@System@@P$AAVEventArgs@4@@Z 0040bfe0 f i Root.obj
 0001:0000aff0       ?button3_Click@MyForm@CS346_A2@@$$FA$AAMXP$AAVObject@System@@P$AAVEventArgs@4@@Z 0040bff0 f i Root.obj
 0001:0000b000       ?label1_Click@MyForm@CS346_A2@@$$FA$AAMXP$AAVObject@System@@P$AAVEventArgs@4@@Z 0040c000 f i Root.obj
 0001:0000b010       ?button1_Click_1@MyForm@CS346_A2@@$$FA$AAMXP$AAVObject@System@@P$AAVEventArgs@4@@Z 0040c010 f i Root.obj
 0001:0000b060       ?<Dispose>@MyForm@CS346_A2@@$$FM$AAMX_N@Z 0040c060 f i Root.obj
 0001:0000b0a4       ??1Login_Register@CS346_A2@@$$FA$AAM@XZ 0040c0a4 f i Root.obj
 0001:0000b0c4       ?panel1_Paint@Login_Register@CS346_A2@@$$FA$AAMXP$AAVObject@System@@P$AAVPaintEventArgs@Forms@Windows@4@@Z 0040c0c4 f i Root.obj
 0001:0000b0d4       ?button1_Click@Login_Register@CS346_A2@@$$FA$AAMXP$AAVObject@System@@P$AAVEventArgs@4@@Z 0040c0d4 f i Root.obj
 0001:0000b0e4       ?button2_Click@Login_Register@CS346_A2@@$$FA$AAMXP$AAVObject@System@@P$AAVEventArgs@4@@Z 0040c0e4 f i Root.obj
 0001:0000b0f4       ?pictureBox5_Click@Login_Register@CS346_A2@@$$FA$AAMXP$AAVObject@System@@P$AAVEventArgs@4@@Z 0040c0f4 f i Root.obj
 0001:0000b104       ?pictureBox1_Click@Login_Register@CS346_A2@@$$FA$AAMXP$AAVObject@System@@P$AAVEventArgs@4@@Z 0040c104 f i Root.obj
 0001:0000b114       ?button1_Click_1@Login_Register@CS346_A2@@$$FA$AAMXP$AAVObject@System@@P$AAVEventArgs@4@@Z 0040c114 f i Root.obj
 0001:0000b124       ?pictureBox2_Click@Login_Register@CS346_A2@@$$FA$AAMXP$AAVObject@System@@P$AAVEventArgs@4@@Z 0040c124 f i Root.obj
 0001:0000b134       ?<Dispose>@Login_Register@CS346_A2@@$$FM$AAMX_N@Z 0040c134 f i Root.obj
 0001:0000b178       ??1Global_Page@CS346_A2@@$$FA$AAM@XZ 0040c178 f i Root.obj
 0001:0000b198       ?panel1_Paint@Global_Page@CS346_A2@@$$FA$AAMXP$AAVObject@System@@P$AAVPaintEventArgs@Forms@Windows@4@@Z 0040c198 f i Root.obj
 0001:0000b1a8       ?<Dispose>@Global_Page@CS346_A2@@$$FM$AAMX_N@Z 0040c1a8 f i Root.obj
 0001:0000b1ec       ??0?$char_buffer@D@details@interop@msclr@@$$FQAE@I@Z 0040c1ec f i Root.obj
 0001:0000b204       ??1?$char_buffer@D@details@interop@msclr@@$$FQAE@XZ 0040c204 f i Root.obj
 0001:0000b218       ?get@?$char_buffer@D@details@interop@msclr@@$$FQBEPADXZ 0040c218 f i Root.obj
 0001:0000b228       ?release@?$char_buffer@D@details@interop@msclr@@$$FQAEPADXZ 0040c228 f i Root.obj
 0001:0000b23c       ??$forward@V?$basic_string@DU?$char_traits@D@std@@V?$allocator@D@2@@std@@@std@@$$FYA$$QAV?$basic_string@DU?$char_traits@D@std@@V?$allocator@D@2@@0@AAV10@@Z 0040c23c f i Root.obj
 0001:0000b24c       ?_AddRef@_bstr_t@@$$FAAEXXZ 0040c24c f i Root.obj
 0001:0000b268       ?<Dispose>@marshal_context@interop@msclr@@$$FU$AAMXXZ 0040c268 f i Root.obj
 0001:0000b284       ??0?$context_node@PBDP$AAVString@System@@@interop@msclr@@$$FQ$AAM@AAPBDP$AAVString@System@@@Z 0040c284 f i Root.obj
 0001:0000b340       ??1?$context_node@PBDP$AAVString@System@@@interop@msclr@@$$FA$AAM@XZ 0040c340 f i Root.obj
 0001:0000b358       ?<Dispose>@?$context_node@PBDP$AAVString@System@@@interop@msclr@@$$FM$AAMX_N@Z 0040c358 f i Root.obj
 0001:0000b3a4       ?<Finalize>@?$context_node@PBDP$AAVString@System@@@interop@msclr@@$$FM$AAMXXZ 0040c3a4 f i Root.obj
 0001:0000b3b8       ??1?$context_node@PB_WP$AAVString@System@@@interop@msclr@@$$FA$AAM@XZ 0040c3b8 f i Root.obj
 0001:0000b3cc       ?<Dispose>@?$context_node@PB_WP$AAVString@System@@@interop@msclr@@$$FM$AAMX_N@Z 0040c3cc f i Root.obj
 0001:0000b410       ?<Finalize>@?$context_node@PB_WP$AAVString@System@@@interop@msclr@@$$FM$AAMXXZ 0040c410 f i Root.obj
 0001:0000b424       ?get_profile@Student_Profile@CS346_A2@@$$FQ$AAMXP$AAVUser@@@Z 0040c424 f i Root.obj
 0001:0000b544       ?button2_Click@Student_Profile@CS346_A2@@$$FA$AAMXP$AAVObject@System@@P$AAVEventArgs@4@@Z 0040c544 f i Root.obj
 0001:0000b5d0       ?Student_Profile_Load@Student_Profile@CS346_A2@@$$FA$AAMXP$AAVObject@System@@P$AAVEventArgs@4@@Z 0040c5d0 f i Root.obj
 0001:0000b6d0       ??0Welcome_Pic@CS346_A2@@$$FQ$AAM@XZ 0040c6d0 f i Root.obj
 0001:0000b710       ?Course_EnrollPage_Load@Course_EnrollPage@CS346_A2@@$$FA$AAMXP$AAVObject@System@@P$AAVEventArgs@4@@Z 0040c710 f i Root.obj
 0001:0000b738       ?dataGridView1_CellContentClick@Course_EnrollPage@CS346_A2@@$$FA$AAMXP$AAVObject@System@@P$AAVDataGridViewCellEventArgs@Forms@Windows@4@@Z 0040c738 f i Root.obj
 0001:0000b870       ?dataGridView2_EditingControlShowing@Course_EnrollPage@CS346_A2@@$$FA$AAMXP$AAVObject@System@@P$AAVDataGridViewEditingControlShowingEventArgs@Forms@Windows@4@@Z 0040c870 f i Root.obj
 0001:0000b8d0       ?dataGridView3_EditingControlShowing@Course_EnrollPage@CS346_A2@@$$FA$AAMXP$AAVObject@System@@P$AAVDataGridViewEditingControlShowingEventArgs@Forms@Windows@4@@Z 0040c8d0 f i Root.obj
 0001:0000b930       ?InitializeComponent@Fee_Payment_Dummy@CS346_A2@@$$FA$AAMXXZ 0040c930 f i Root.obj
 0001:0000c5d0       ?InitializeComponent@TimeTableView@CS346_A2@@$$FA$AAMXXZ 0040d5d0 f i Root.obj
 0001:0000ca44       ?InitializeComponent@Grade@CS346_A2@@$$FA$AAMXXZ 0040da44 f i Root.obj
 0001:0000cd38       ?InitializeComponent@Signup@CS346_A2@@$$FA$AAMXXZ 0040dd38 f i Root.obj
 0001:0000d3d0       ?Button_Click@CourseForm@CS346_A2@@$$FA$AAMXP$AAVObject@System@@P$AAVEventArgs@4@@Z 0040e3d0 f i Root.obj
 0001:0000dca0       ?InitializeComponent@CourseForm@CS346_A2@@$$FA$AAMXXZ 0040eca0 f i Root.obj
 0001:0000dcf0       ?InitializeComponent@AddCourseForm@CS346_A2@@$$FA$AAMXXZ 0040ecf0 f i Root.obj
 0001:0000ecac       ?btnPhoto_Click@ProfileForm@CS346_A2@@$$FA$AAMXP$AAVObject@System@@P$AAVEventArgs@4@@Z 0040fcac f i Root.obj
 0001:0000ed54       ?Button_Click@AddGradeForm@CS346_A2@@$$FA$AAMXP$AAVObject@System@@P$AAVEventArgs@4@@Z 0040fd54 f i Root.obj
 0001:0000f9d0       ?Login_Register_Load@Login_Register@CS346_A2@@$$FA$AAMXP$AAVObject@System@@P$AAVEventArgs@4@@Z 004109d0 f i Root.obj
 0001:0000fa20       ?_Chassign@?$basic_string@DU?$char_traits@D@std@@V?$allocator@D@2@@std@@$$FQAEXIID@Z 00410a20 f i Root.obj
 0001:0000fa5c       ??0_bstr_t@@$$FQAE@ABV0@@Z 00410a5c f i Root.obj
 0001:0000fa7c       __t2m@??0_bstr_t@@QAE@ABV0@@Z 00410a7c f i Root.obj
 0001:0000fa84       ?<Dispose>@?$context_node@PBDP$AAVString@System@@@interop@msclr@@$$FU$AAMXXZ 00410a84 f i Root.obj
 0001:0000faa0       ?<Dispose>@?$context_node@PB_WP$AAVString@System@@@interop@msclr@@$$FU$AAMXXZ 00410aa0 f i Root.obj
 0001:0000fabc       ?InitializeComponent@Course_EnrollPage@CS346_A2@@$$FA$AAMXXZ 00410abc f i Root.obj
 0001:00010ab8       ??0Fee_Payment_Dummy@CS346_A2@@$$FQ$AAM@P$AAVUser@@@Z 00411ab8 f i Root.obj
 0001:00010b14       ??0TimeTableView@CS346_A2@@$$FQ$AAM@P$AAVUser@@@Z 00411b14 f i Root.obj
 0001:00010b5c       ?label5_Click@StudentHome@CS346_A2@@$$FA$AAMXP$AAVObject@System@@P$AAVEventArgs@4@@Z 00411b5c f i Root.obj
 0001:00010bf0       ?label9_Click@StudentHome@CS346_A2@@$$FA$AAMXP$AAVObject@System@@P$AAVEventArgs@4@@Z 00411bf0 f i Root.obj
 0001:00010c84       ?pictureBox12_Click@StudentHome@CS346_A2@@$$FA$AAMXP$AAVObject@System@@P$AAVEventArgs@4@@Z 00411c84 f i Root.obj
 0001:00010d18       ?label6_Click@StudentHome@CS346_A2@@$$FA$AAMXP$AAVObject@System@@P$AAVEventArgs@4@@Z 00411d18 f i Root.obj
 0001:00010dac       ?label2_Click@StudentHome@CS346_A2@@$$FA$AAMXP$AAVObject@System@@P$AAVEventArgs@4@@Z 00411dac f i Root.obj
 0001:00010e40       ??0Grade@CS346_A2@@$$FQ$AAM@XZ 00411e40 f i Root.obj
 0001:00010eac       ??0Signup@CS346_A2@@$$FQ$AAM@XZ 00411eac f i Root.obj
 0001:00010f44       ?AdminHome_Load@AdminHome@CS346_A2@@$$FA$AAMXP$AAVObject@System@@P$AAVEventArgs@4@@Z 00411f44 f i Root.obj
 0001:00010fac       ?label3_Click@AdminHome@CS346_A2@@$$FA$AAMXP$AAVObject@System@@P$AAVEventArgs@4@@Z 00411fac f i Root.obj
 0001:00010ffc       ?label2_Click@AdminHome@CS346_A2@@$$FA$AAMXP$AAVObject@System@@P$AAVEventArgs@4@@Z 00411ffc f i Root.obj
 0001:0001106c       ?label5_Click@AdminHome@CS346_A2@@$$FA$AAMXP$AAVObject@System@@P$AAVEventArgs@4@@Z 0041206c f i Root.obj
 0001:000110dc       ?label7_Click@AdminHome@CS346_A2@@$$FA$AAMXP$AAVObject@System@@P$AAVEventArgs@4@@Z 004120dc f i Root.obj
 0001:0001114c       ?label4_Click@AdminHome@CS346_A2@@$$FA$AAMXP$AAVObject@System@@P$AAVEventArgs@4@@Z 0041214c f i Root.obj
 0001:000111bc       ?label3_Click_1@AdminHome@CS346_A2@@$$FA$AAMXP$AAVObject@System@@P$AAVEventArgs@4@@Z 004121bc f i Root.obj
 0001:00011240       ??0CourseForm@CS346_A2@@$$FQ$AAM@H@Z 00412240 f i Root.obj
 0001:00011408       ??0AddCourseForm@CS346_A2@@$$FQ$AAM@XZ 00412408 f i Root.obj
 0001:00011448       ??0AddCourseForm@CS346_A2@@$$FQ$AAM@H@Z 00412448 f i Root.obj
 0001:00011490       ?InitializeComponent@ProfileForm@CS346_A2@@$$FA$AAMXXZ 00412490 f i Root.obj
 0001:0001248c       ??0AddGradeForm@CS346_A2@@$$FQ$AAM@H@Z 0041348c f i Root.obj
 0001:00012654       ?label2_Click_1@FacultyHome@CS346_A2@@$$FA$AAMXP$AAVObject@System@@P$AAVEventArgs@4@@Z 00413654 f i Root.obj
 0001:000126f8       ?label4_Click@FacultyHome@CS346_A2@@$$FA$AAMXP$AAVObject@System@@P$AAVEventArgs@4@@Z 004136f8 f i Root.obj
 0001:0001279c       ?label5_Click@FacultyHome@CS346_A2@@$$FA$AAMXP$AAVObject@System@@P$AAVEventArgs@4@@Z 0041379c f i Root.obj
 0001:00012840       ?label6_Click@FacultyHome@CS346_A2@@$$FA$AAMXP$AAVObject@System@@P$AAVEventArgs@4@@Z 00413840 f i Root.obj
 0001:000128e0       ?label8_Click@FacultyHome@CS346_A2@@$$FA$AAMXP$AAVObject@System@@P$AAVEventArgs@4@@Z 004138e0 f i Root.obj
 0001:00012964       ??A?$basic_string@DU?$char_traits@D@std@@V?$allocator@D@2@@std@@$$FQAEAADI@Z 00413964 f i Root.obj
 0001:00012984       ??0Course_EnrollPage@CS346_A2@@$$FQ$AAM@P$AAVUser@@@Z 00413984 f i Root.obj
 0001:000129cc       ?button1_Click@RegisteredCourses@CS346_A2@@$$FA$AAMXP$AAVObject@System@@P$AAVEventArgs@4@@Z 004139cc f i Root.obj
 0001:00012a38       ?InitializeComponent@AdminHome@CS346_A2@@$$FA$AAMXXZ 00413a38 f i Root.obj
 0001:00013e38       ??0ProfileForm@CS346_A2@@$$FQ$AAM@H@Z 00414e38 f i Root.obj
 0001:00013e88       ?label3_Click@FacultyHome@CS346_A2@@$$FA$AAMXP$AAVObject@System@@P$AAVEventArgs@4@@Z 00414e88 f i Root.obj
 0001:00013f2c       ?InitializeComponent@RegisteredCourses@CS346_A2@@$$FA$AAMXXZ 00414f2c f i Root.obj
 0001:00014374       ??0AdminHome@CS346_A2@@$$FQ$AAM@P$AAVForm@Forms@Windows@System@@P$AAVUser@@P$AAVPanel@345@@Z 00415374 f i Root.obj
 0001:000143c8       ?InitializeComponent@FacultyHome@CS346_A2@@$$FA$AAMXXZ 004153c8 f i Root.obj
 0001:00015630       ??0?$basic_string@DU?$char_traits@D@std@@V?$allocator@D@2@@std@@$$FQAE@XZ 00416630 f i Root.obj
 0001:00015654       ?_Assign_rv@?$basic_string@DU?$char_traits@D@std@@V?$allocator@D@2@@std@@$$FQAEX$$QAV12@@Z 00416654 f i Root.obj
 0001:000156d0       ??0RegisteredCourses@CS346_A2@@$$FQ$AAM@P$AAVUser@@P$AAVPanel@Forms@Windows@System@@@Z 004166d0 f i Root.obj
 0001:00015720       ?label4_Click@StudentHome@CS346_A2@@$$FA$AAMXP$AAVObject@System@@P$AAVEventArgs@4@@Z 00416720 f i Root.obj
 0001:000157bc       ??0FacultyHome@CS346_A2@@$$FQ$AAM@P$AAVForm@Forms@Windows@System@@P$AAVUser@@P$AAVPanel@345@@Z 004167bc f i Root.obj
 0001:00015888       ??0?$basic_string@DU?$char_traits@D@std@@V?$allocator@D@2@@std@@$$FQAE@$$QAV01@@Z 00416888 f i Root.obj
 0001:000158b4       ?append@?$basic_string@DU?$char_traits@D@std@@V?$allocator@D@2@@std@@$$FQAEAAV12@ID@Z 004168b4 f i Root.obj
 0001:00015938       ?resize@?$basic_string@DU?$char_traits@D@std@@V?$allocator@D@2@@std@@$$FQAEXID@Z 00416938 f i Root.obj
 0001:00015974       ?resize@?$basic_string@DU?$char_traits@D@std@@V?$allocator@D@2@@std@@$$FQAEXI@Z 00416974 f i Root.obj
 0001:000159b0       ??$marshal_as@V?$basic_string@DU?$char_traits@D@std@@V?$allocator@D@2@@std@@P$AAVString@System@@@interop@msclr@@$$FYM?AV?$basic_string@DU?$char_traits@D@std@@V?$allocator@D@2@@std@@ABQ$AAVString@System@@@Z 004169b0 f i Root.obj
 0001:00015a50       ?ComputeMD5Hash@MiscellaneousFunctions@@$$FSMP$AAVString@System@@P$AAV23@@Z 00416a50 f i Root.obj
 0001:00015ad4       ?update_profile@Student_Profile@CS346_A2@@$$FQ$AAMXP$AAVUser@@@Z 00416ad4 f i Root.obj
 0001:00015c34       ?button1_Click@Student_Profile@CS346_A2@@$$FA$AAMXP$AAVObject@System@@P$AAVEventArgs@4@@Z 00416c34 f i Root.obj
 0001:00015c68       ?button1_Click@Register@CS346_A2@@$$FA$AAMXP$AAVObject@System@@P$AAVEventArgs@4@@Z 00416c68 f i Root.obj
 0001:00015f50       ?InitializeComponent@Student_Profile@CS346_A2@@$$FA$AAMXXZ 00416f50 f i Root.obj
 0001:000170d4       ?InitializeComponent@Register@CS346_A2@@$$FA$AAMXXZ 004180d4 f i Root.obj
 0001:00018270       ??0Student_Profile@CS346_A2@@$$FQ$AAM@P$AAVUser@@@Z 00419270 f i Root.obj
 0001:000182d0       ?StudentHome_Load@StudentHome@CS346_A2@@$$FA$AAMXP$AAVObject@System@@P$AAVEventArgs@4@@Z 004192d0 f i Root.obj
 0001:00018344       ?label3_Click@StudentHome@CS346_A2@@$$FA$AAMXP$AAVObject@System@@P$AAVEventArgs@4@@Z 00419344 f i Root.obj
 0001:000183d8       ??0Register@CS346_A2@@$$FQ$AAM@XZ 004193d8 f i Root.obj
 0001:00018418       ?button1_Click@MyForm@CS346_A2@@$$FA$AAMXP$AAVObject@System@@P$AAVEventArgs@4@@Z 00419418 f i Root.obj
 0001:00018468       ?label2_Click@Login_Register@CS346_A2@@$$FA$AAMXP$AAVObject@System@@P$AAVEventArgs@4@@Z 00419468 f i Root.obj
 0001:000184c8       ?pictureBox4_Click@Login_Register@CS346_A2@@$$FA$AAMXP$AAVObject@System@@P$AAVEventArgs@4@@Z 004194c8 f i Root.obj
 0001:00018528       ?InitializeComponent@StudentHome@CS346_A2@@$$FA$AAMXXZ 00419528 f i Root.obj
 0001:00019bd0       ??0StudentHome@CS346_A2@@$$FQ$AAM@P$AAVForm@Forms@Windows@System@@P$AAVUser@@P$AAVPanel@345@@Z 0041abd0 f i Root.obj
 0001:00019c24       ?button2_Click@MyForm@CS346_A2@@$$FA$AAMXP$AAVObject@System@@P$AAVEventArgs@4@@Z 0041ac24 f i Root.obj
 0001:00019e90       ?InitializeComponent@MyForm@CS346_A2@@$$FA$AAMXXZ 0041ae90 f i Root.obj
 0001:0001a8d8       ??0MyForm@CS346_A2@@$$FQ$AAM@P$AAVPanel@Forms@Windows@System@@P$AAVForm@345@@Z 0041b8d8 f i Root.obj
[...]
 0001:fffff165       __catch$?_Copy@?$basic_string@DU?$char_traits@D@std@@V?$allocator@D@2@@std@@$$FQAEXII@Z$6 00400165 f   Root.obj
 0001:fffff179       __catch$?btnAssign_Click@CourseList@CS346_A2@@$$FA$AAMXP$AAVObject@System@@P$AAVEventArgs@4@@Z$4 00400179 f   Root.obj
 0001:fffff1b0       __catch$?btnAssign_Click@CourseList@CS346_A2@@$$FA$AAMXP$AAVObject@System@@P$AAVEventArgs@4@@Z$6 004001b0 f   Root.obj
 0001:000004a0       __catch$?ExecuteQuery@DatabaseHelper@@$$FSMP$AAVSqlDataReader@SqlClient@Data@System@@P$AAVString@5@P$01AP$AAVSqlParameter@345@@Z$0 004014a0 f i classroomlist.obj
 0001:0000051b       __catch$?ExecuteQuery@DatabaseHelper@@$$FSMP$AAVSqlDataReader@SqlClient@Data@System@@P$AAVString@5@@Z$0 0040151b f i classroomlist.obj
 0001:000009a9       __catch$?display_classroom_list@classroomlist@CS346_A2@@$$FA$AAMXXZ$0 004019a9 f i classroomlist.obj
 0001:00000a10       __catch$?insert_into_db@classroomlist@CS346_A2@@$$FA$AAMXXZ$0 00401a10 f i classroomlist.obj
 0001:00000a74       __catch$?insert_into_db@classroomlist@CS346_A2@@$$FA$AAMXXZ$2 00401a74 f i classroomlist.obj
 0001:00001c0f       $LN14                      00402c0f f i classroomlist.obj
 0001:00001c0f       __catch$?_Copy@?$basic_string@DU?$char_traits@D@std@@V?$allocator@D@2@@std@@$$FQAEXII@Z$0 00402c0f f i classroomlist.obj
 0001:00001c26       $LN271                     00402c26 f i classroomlist.obj
 0001:00001c6b       __catch$?_Copy@?$basic_string@DU?$char_traits@D@std@@V?$allocator@D@2@@std@@$$FQAEXII@Z$1 00402c6b f i classroomlist.obj
 0001:00001c6b       $LN19                      00402c6b f i classroomlist.obj
 0001:00001c82       $LN275                     00402c82 f i classroomlist.obj
 0001:00001ca3       $LN23                      00402ca3 f i classroomlist.obj
 0001:00001ca3       __catch$?_Copy@?$basic_string@DU?$char_traits@D@std@@V?$allocator@D@2@@std@@$$FQAEXII@Z$2 00402ca3 f i classroomlist.obj
 0001:00001cb2       $LN278                     00402cb2 f i classroomlist.obj
 0001:00001cbc       __catch$?_Copy@?$basic_string@DU?$char_traits@D@std@@V?$allocator@D@2@@std@@$$FQAEXII@Z$3 00402cbc f i classroomlist.obj
 0001:00001cc9       __catch$?_Copy@?$basic_string@DU?$char_traits@D@std@@V?$allocator@D@2@@std@@$$FQAEXII@Z$5 00402cc9 f i classroomlist.obj
 0001:00001cc9       $LN27                      00402cc9 f i classroomlist.obj
 0001:00001cda       $LN279                     00402cda f i classroomlist.obj
 0001:00001ce5       __catch$?_Copy@?$basic_string@DU?$char_traits@D@std@@V?$allocator@D@2@@std@@$$FQAEXII@Z$6 00402ce5 f i classroomlist.obj
 0001:000029fa       __catch$?get_coursetable@CourseList@CS346_A2@@$$FQ$AAMXP$AAVString@System@@@Z$0 004039fa f i CourseList.obj
 0001:00002ae7       __catch$?btnAssign_Click@CourseList@CS346_A2@@$$FA$AAMXP$AAVObject@System@@P$AAVEventArgs@4@@Z$0 00403ae7 f i CourseList.obj
 0001:00002b9f       __catch$?btnAssign_Click@CourseList@CS346_A2@@$$FA$AAMXP$AAVObject@System@@P$AAVEventArgs@4@@Z$2 00403b9f f i CourseList.obj
 0001:00002bc1       __catch$?btnAssign_Click@CourseList@CS346_A2@@$$FA$AAMXP$AAVObject@System@@P$AAVEventArgs@4@@Z$4 00403bc1 f i CourseList.obj
 0001:00002bf8       __catch$?btnAssign_Click@CourseList@CS346_A2@@$$FA$AAMXP$AAVObject@System@@P$AAVEventArgs@4@@Z$6 00403bf8 f i CourseList.obj
 0001:00002ce7       __catch$?FillFacultyComboBox@CourseList@CS346_A2@@$$FQ$AAMXXZ$0 00403ce7 f i CourseList.obj
 0001:00003795       __catch$?get_examschedule@ExamSchedule@CS346_A2@@$$FQ$AAMXHP$AAVUser@@@Z$0 00404795 f i ExamSchedule.obj
 0001:00004403       __catch$?fetchSeating@SeatingHelper@@$$FSMP$AAVSqlDataReader@SqlClient@Data@System@@P$AAVString@5@@Z$0 00405403 f i permissions.obj
 0001:0000497a       __catch$?button7_Click@permissions@CS346_A2@@$$FA$AAMXP$AAVObject@System@@P$AAVEventArgs@4@@Z$0 0040597a f i permissions.obj
 0001:00005914       __catch$?get_Queries@Queries_Admin@CS346_A2@@$$FQ$AAMXXZ$0 00406914 f i Queries_Admin.obj
 0001:00005a49       __catch$?Resolve_query@Queries_Admin@CS346_A2@@$$FQ$AAMXXZ$0 00406a49 f i Queries_Admin.obj
 0001:00005a5d       __catch$?Resolve_query@Queries_Admin@CS346_A2@@$$FQ$AAMXXZ$2 00406a5d f i Queries_Admin.obj
 0001:00005a7b       __catch$?Resolve_query@Queries_Admin@CS346_A2@@$$FQ$AAMXXZ$4 00406a7b f i Queries_Admin.obj
 0001:00006110       __catch$?add_complaint@Queries_User@CS346_A2@@$$FQ$AAMXP$AAVUser@@@Z$0 00407110 f i Queries_User.obj
 0001:00006235       __catch$?get_Queries@Queries_User@CS346_A2@@$$FQ$AAMXP$AAVUser@@@Z$0 00407235 f i Queries_User.obj
 0001:00006b6b       __catch$?Upload_Profile_Photo@Student_Profile@CS346_A2@@$$FQ$AAMXP$AAVUser@@P$AAVImage@Drawing@System@@@Z$0 00407b6b f i Root.obj
 0001:00006c45       __catch$?profile_photo_fetch@Student_Profile@CS346_A2@@$$FQ$AAMXP$AAVUser@@@Z$0 00407c45 f i Root.obj
 0001:00006cd9       __catch$?UploadImageToDatabase@Student_Profile@CS346_A2@@$$FQ$AAMXP$01AEH@Z$0 00407cd9 f i Root.obj
 0001:00006d23       __catch$?UploadImageToDatabase@Student_Profile@CS346_A2@@$$FQ$AAMXP$01AEH@Z$1 00407d23 f i Root.obj
 0001:00007166       __catch$?retrieve_semester@Course_EnrollPage@CS346_A2@@$$FA$AAMHXZ$0 00408166 f i Root.obj
 0001:000071c5       __catch$?retrieve_year@Course_EnrollPage@CS346_A2@@$$FA$AAMHXZ$0 004081c5 f i Root.obj
 0001:0000725c       __catch$?is_registered@Course_EnrollPage@CS346_A2@@$$FA$AAM_NP$AAVString@System@@@Z$0 0040825c f i Root.obj
 0001:000073d6       __catch$?disp_comp_courses@Course_EnrollPage@CS346_A2@@$$FA$AAMXH@Z$0 004083d6 f i Root.obj
 0001:000074fe       __catch$?Add_DE@Course_EnrollPage@CS346_A2@@$$FA$AAMXHH@Z$0 004084fe f i Root.obj
 0001:00007604       __catch$?Add_DE@Course_EnrollPage@CS346_A2@@$$FA$AAMXHH@Z$2 00408604 f i Root.obj
 0001:00007741       __catch$?Add_OE@Course_EnrollPage@CS346_A2@@$$FA$AAMXHH@Z$0 00408741 f i Root.obj
 0001:000078b7       __catch$?DescButtonClicked@Course_EnrollPage@CS346_A2@@$$FA$AAMXHP$AAVDataGridView@Forms@Windows@System@@P$AAVString@6@@Z$0 004088b7 f i Root.obj
 0001:00007ec6       __catch$?display_audit_courses@Course_EnrollPage@CS346_A2@@$$FA$AAMXXZ$0 00408ec6 f i Root.obj
 0001:000085a7       __catch$?fill_Registered_table@RegisteredCourses@CS346_A2@@$$FQ$AAMXP$AAVUser@@@Z$0 004095a7 f i Root.obj
 0001:0000861e       __catch$?get_reg_status@RegisteredCourses@CS346_A2@@$$FQ$AAMXP$AAVUser@@@Z$0 0040961e f i Root.obj
 0001:0000881c       __catch$?get_profile@Fee_Payment_Dummy@CS346_A2@@$$FQ$AAMXP$AAVUser@@@Z$0 0040981c f i Root.obj
 0001:0000890d       __catch$?get_fee_data@Fee_Payment_Dummy@CS346_A2@@$$FQ$AAMXP$AAVStudent_data@@@Z$0 0040990d f i Root.obj
 0001:0000898d       __catch$?get_fee_data@Fee_Payment_Dummy@CS346_A2@@$$FQ$AAMXP$AAVStudent_data@@@Z$2 0040998d f i Root.obj
 0001:00008a39       __catch$?get_current_sem@Fee_Payment_Dummy@CS346_A2@@$$FQ$AAMXXZ$0 00409a39 f i Root.obj
 0001:00008be0       __catch$?button2_Click@Fee_Payment_Dummy@CS346_A2@@$$FA$AAMXP$AAVObject@System@@P$AAVEventArgs@4@@Z$0 00409be0 f i Root.obj
 0001:00008e0f       __catch$?get_timetable@TimeTableView@CS346_A2@@$$FQ$AAMXP$AAVString@System@@P$AAVUser@@@Z$0 00409e0f f i Root.obj
 0001:00009356       __catch$?button2_Click@Signup@CS346_A2@@$$FA$AAMXP$AAVObject@System@@P$AAVEventArgs@4@@Z$0 0040a356 f i Root.obj
 0001:000094e7       __catch$?button1_Click@Signup@CS346_A2@@$$FA$AAMXP$AAVObject@System@@P$AAVEventArgs@4@@Z$0 0040a4e7 f i Root.obj
 0001:00009c38       __catch$?ApproveButton_Click@CourseForm@CS346_A2@@$$FA$AAMXP$AAVObject@System@@P$AAVEventArgs@4@@Z$0 0040ac38 f i Root.obj
 0001:00009c4c       __catch$?ApproveButton_Click@CourseForm@CS346_A2@@$$FA$AAMXP$AAVObject@System@@P$AAVEventArgs@4@@Z$2 0040ac4c f i Root.obj
 0001:00009c6a       __catch$?ApproveButton_Click@CourseForm@CS346_A2@@$$FA$AAMXP$AAVObject@System@@P$AAVEventArgs@4@@Z$4 0040ac6a f i Root.obj
 0001:00009d87       __catch$?RejectButton_Click@CourseForm@CS346_A2@@$$FA$AAMXP$AAVObject@System@@P$AAVEventArgs@4@@Z$0 0040ad87 f i Root.obj
 0001:00009d98       __catch$?RejectButton_Click@CourseForm@CS346_A2@@$$FA$AAMXP$AAVObject@System@@P$AAVEventArgs@4@@Z$2 0040ad98 f i Root.obj
 0001:00009db3       __catch$?RejectButton_Click@CourseForm@CS346_A2@@$$FA$AAMXP$AAVObject@System@@P$AAVEventArgs@4@@Z$4 0040adb3 f i Root.obj
 0001:0000a038       __catch$?AddCourseToDatabase@AddCourseForm@CS346_A2@@$$FA$AAMXH@Z$0 0040b038 f i Root.obj
 0001:0000a10b       __catch$?IsValidInt@AddCourseForm@CS346_A2@@$$FA$AAM_NP$AAVString@System@@@Z$0 0040b10b f i Root.obj
 0001:0000a39b       __catch$?btnProfile_Click@ProfileForm@CS346_A2@@$$FA$AAMXP$AAVObject@System@@P$AAVEventArgs@4@@Z$0 0040b39b f i Root.obj
 0001:0000a5d9       __catch$?FetchUserData@ProfileForm@CS346_A2@@$$FA$AAMXH@Z$0 0040b5d9 f i Root.obj
 0001:0000a602       __catch$?FetchUserData@ProfileForm@CS346_A2@@$$FA$AAMXH@Z$2 0040b602 f i Root.obj
 0001:0000a6a5       __catch$?UploadImageToDatabase@ProfileForm@CS346_A2@@$$FA$AAMXP$01AEH@Z$0 0040b6a5 f i Root.obj
 0001:0000a6ef       __catch$?UploadImageToDatabase@ProfileForm@CS346_A2@@$$FA$AAMXP$01AEH@Z$1 0040b6ef f i Root.obj
 0001:0000a75a       __catch$?DisplayImageFromDatabase@ProfileForm@CS346_A2@@$$FA$AAMXP$01AE@Z$0 0040b75a f i Root.obj
 0001:0000ab1f       __catch$?AddGradeButton_Click@AddGradeForm@CS346_A2@@$$FA$AAMXP$AAVObject@System@@P$AAVEventArgs@4@@Z$0 0040bb1f f i Root.obj
 0001:0000ab47       __catch$?AddGradeButton_Click@AddGradeForm@CS346_A2@@$$FA$AAMXP$AAVObject@System@@P$AAVEventArgs@4@@Z$2 0040bb47 f i Root.obj
 0001:0000ab65       __catch$?AddGradeButton_Click@AddGradeForm@CS346_A2@@$$FA$AAMXP$AAVObject@System@@P$AAVEventArgs@4@@Z$4 0040bb65 f i Root.obj
 0001:0000b510       __catch$?get_profile@Student_Profile@CS346_A2@@$$FQ$AAMXP$AAVUser@@@Z$0 0040c510 f i Root.obj
 0001:0000b59b       __catch$?button2_Click@Student_Profile@CS346_A2@@$$FA$AAMXP$AAVObject@System@@P$AAVEventArgs@4@@Z$0 0040c59b f i Root.obj
 0001:0000d4bd       __catch$?Button_Click@CourseForm@CS346_A2@@$$FA$AAMXP$AAVObject@System@@P$AAVEventArgs@4@@Z$0 0040e4bd f i Root.obj
 0001:0000d7da       __catch$?Button_Click@CourseForm@CS346_A2@@$$FA$AAMXP$AAVObject@System@@P$AAVEventArgs@4@@Z$2 0040e7da f i Root.obj
 0001:0000d868       __catch$?Button_Click@CourseForm@CS346_A2@@$$FA$AAMXP$AAVObject@System@@P$AAVEventArgs@4@@Z$4 0040e868 f i Root.obj
 0001:0000d8f6       __catch$?Button_Click@CourseForm@CS346_A2@@$$FA$AAMXP$AAVObject@System@@P$AAVEventArgs@4@@Z$6 0040e8f6 f i Root.obj
 0001:0000dbea       __catch$?Button_Click@CourseForm@CS346_A2@@$$FA$AAMXP$AAVObject@System@@P$AAVEventArgs@4@@Z$8 0040ebea f i Root.obj
 0001:0000dbff       __catch$?Button_Click@CourseForm@CS346_A2@@$$FA$AAMXP$AAVObject@System@@P$AAVEventArgs@4@@Z$9 0040ebff f i Root.obj
 0001:0000ed22       __catch$?btnPhoto_Click@ProfileForm@CS346_A2@@$$FA$AAMXP$AAVObject@System@@P$AAVEventArgs@4@@Z$0 0040fd22 f i Root.obj
 0001:0000ee4a       __catch$?Button_Click@AddGradeForm@CS346_A2@@$$FA$AAMXP$AAVObject@System@@P$AAVEventArgs@4@@Z$0 0040fe4a f i Root.obj
 0001:0000eeca       __catch$?Button_Click@AddGradeForm@CS346_A2@@$$FA$AAMXP$AAVObject@System@@P$AAVEventArgs@4@@Z$2 0040feca f i Root.obj
 0001:0000ef53       __catch$?Button_Click@AddGradeForm@CS346_A2@@$$FA$AAMXP$AAVObject@System@@P$AAVEventArgs@4@@Z$4 0040ff53 f i Root.obj
 0001:0000efce       __catch$?Button_Click@AddGradeForm@CS346_A2@@$$FA$AAMXP$AAVObject@System@@P$AAVEventArgs@4@@Z$6 0040ffce f i Root.obj
 0001:0000f036       __catch$?Button_Click@AddGradeForm@CS346_A2@@$$FA$AAMXP$AAVObject@System@@P$AAVEventArgs@4@@Z$8 00410036 f i Root.obj
 0001:0000f09e       __catch$?Button_Click@AddGradeForm@CS346_A2@@$$FA$AAMXP$AAVObject@System@@P$AAVEventArgs@4@@Z$10 0041009e f i Root.obj
 0001:0000f8f9       __catch$?Button_Click@AddGradeForm@CS346_A2@@$$FA$AAMXP$AAVObject@System@@P$AAVEventArgs@4@@Z$12 004108f9 f i Root.obj
 0001:0000f901       __catch$?Button_Click@AddGradeForm@CS346_A2@@$$FA$AAMXP$AAVObject@System@@P$AAVEventArgs@4@@Z$13 00410901 f i Root.obj
 0001:000113ba       __catch$??0CourseForm@CS346_A2@@$$FQ$AAM@H@Z$0 004123ba f i Root.obj
 0001:00012606       __catch$??0AddGradeForm@CS346_A2@@$$FQ$AAM@H@Z$0 00413606 f i Root.obj
 0001:00015c08       __catch$?update_profile@Student_Profile@CS346_A2@@$$FQ$AAMXP$AAVUser@@@Z$0 00416c08 f i Root.obj
 0001:00015f14       __catch$?button1_Click@Register@CS346_A2@@$$FA$AAMXP$AAVObject@System@@P$AAVEventArgs@4@@Z$0 00416f14 f i Root.obj
 0001:00019e64       __catch$?button2_Click@MyForm@CS346_A2@@$$FA$AAMXP$AAVObject@System@@P$AAVEventArgs@4@@Z$0 0041ae64 f i Root.obj
 0001:0001b665       ?ArrayUnwindFilter@@YAHPAU_EXCEPTION_POINTERS@@@Z 0041c665 f   MSVCRT:ehvecdtr.obj
 0001:0001b6f0       $$000000                   0041c6f0     MSVCRT:sehprolg4.obj
 0001:0001bd6b       __catch$?AddHandler@ModuleUninitializer@<CrtImplementationDetails>@@$$FQ$AAMXP$AAVEventHandler@System@@@Z$0 0041cd6b f i MSVCMRT:mstartup.obj
 0001:0001bde1       __catch$?SingletonDomainUnload@ModuleUninitializer@<CrtImplementationDetails>@@$$FA$AAMXP$AAVObject@System@@P$AAVEventArgs@4@@Z$0 0041cde1 f i MSVCMRT:mstartup.obj
 0001:0001bdf6       __catch$?SingletonDomainUnload@ModuleUninitializer@<CrtImplementationDetails>@@$$FA$AAMXP$AAVObject@System@@P$AAVEventArgs@4@@Z$2 0041cdf6 f i MSVCMRT:mstartup.obj
 0001:0001bed9       __catch$?__get_default_appdomain@@$$FYAJPAPAUIUnknown@@@Z$0 0041ced9 f i MSVCMRT:mstartup.obj
 0001:0001bf6c       __catch$?GetDefaultDomain@<CrtImplementationDetails>@@$$FYMP$AAVAppDomain@System@@XZ$0 0041cf6c f i MSVCMRT:mstartup.obj
 0001:0001bff4       __catch$?DoCallBackInDefaultDomain@<CrtImplementationDetails>@@$$FYAXP6GJPAX@Z0@Z$0 0041cff4 f i MSVCMRT:mstartup.obj
 0001:0001c551       __catch$?_Initialize@LanguageSupport@<CrtImplementationDetails>@@$$FAAEXXZ$0 0041d551 f i MSVCMRT:mstartup.obj
 0001:0001c5c8       __catch$?_Initialize@LanguageSupport@<CrtImplementationDetails>@@$$FAAEXXZ$2 0041d5c8 f i MSVCMRT:mstartup.obj
 0001:0001c65e       __catch$?Cleanup@LanguageSupport@<CrtImplementationDetails>@@$$FAAMXP$AAVException@System@@@Z$0 0041d65e f i MSVCMRT:mstartup.obj
 0001:0001c668       __catch$?Cleanup@LanguageSupport@<CrtImplementationDetails>@@$$FAAMXP$AAVException@System@@@Z$1 0041d668 f i MSVCMRT:mstartup.obj
 0001:0001c6fa       __catch$?Initialize@LanguageSupport@<CrtImplementationDetails>@@$$FQAEXXZ$0 0041d6fa f i MSVCMRT:mstartup.obj
 0001:0001c710       __catch$?Initialize@LanguageSupport@<CrtImplementationDetails>@@$$FQAEXXZ$2 0041d710 f i MSVCMRT:mstartup.obj
 0001:0001c729       __catch$?Initialize@LanguageSupport@<CrtImplementationDetails>@@$$FQAEXXZ$3 0041d729 f i MSVCMRT:mstartup.obj
 0001:0001cd02       __catch$?_atexit_helper@@$$J0YMHP6MXXZPAIPAPAP6MXXZ2@Z$0 0041dd02 f   MSVCMRT:msilexit.obj
 0001:0001cd63       __catch$?_atexit_helper@@$$J0YMHP6MXXZPAIPAPAP6MXXZ2@Z$2 0041dd63 f   MSVCMRT:msilexit.obj
 0001:0001cd6a       __catch$?_atexit_helper@@$$J0YMHP6MXXZPAIPAPAP6MXXZ2@Z$3 0041dd6a f   MSVCMRT:msilexit.obj
 0001:0001dea8       $LN162                     0041eea8     comsuppw:invkprxy.obj
 0001:0001ded4       $LN152                     0041eed4     comsuppw:invkprxy.obj
 0001:0001def8       $LN163                     0041eef8     comsuppw:invkprxy.obj
 0001:0001df00       $LN153                     0041ef00     comsuppw:invkprxy.obj
 0001:0001df24       $LN164                     0041ef24     comsuppw:invkprxy.obj
 0001:0001df44       $LN154                     0041ef44     comsuppw:invkprxy.obj
 0001:0001df68       $LN165                     0041ef68     comsuppw:invkprxy.obj
 0001:0001df70       $LN155                     0041ef70     comsuppw:invkprxy.obj
 0001:0001e130       $$000000                   0041f130     MSVCRT:alloca16.obj
 0001:0001e170       $$000000                   0041f170     MSVCRT:chkstk.obj
 0002:00000138       _mixed_pcinit              00420138     MSVCMRT:ManagedMain.obj
 0002:0000013c       _pinit                     0042013c     MSVCRT:atonexit.obj
 0002:00000144       ___xc_ma_a                 00420144     MSVCMRT:mstartup.obj
 0002:00000148       ?Initialized$initializer$@CurrentDomain@<CrtImplementationDetails>@@$$Q2P6MXXZA 00420148     MSVCMRT:mstartup.obj
 0002:0000014c       ?Uninitialized$initializer$@CurrentDomain@<CrtImplementationDetails>@@$$Q2P6MXXZA 0042014c     MSVCMRT:mstartup.obj
 0002:00000150       ?IsDefaultDomain$initializer$@CurrentDomain@<CrtImplementationDetails>@@$$Q2P6MXXZA 00420150     MSVCMRT:mstartup.obj
 0002:00000154       ?InitializedVtables$initializer$@CurrentDomain@<CrtImplementationDetails>@@$$Q2P6MXXZA 00420154     MSVCMRT:mstartup.obj
 0002:00000158       ?InitializedNative$initializer$@CurrentDomain@<CrtImplementationDetails>@@$$Q2P6MXXZA 00420158     MSVCMRT:mstartup.obj
 0002:0000015c       ?InitializedPerProcess$initializer$@CurrentDomain@<CrtImplementationDetails>@@$$Q2P6MXXZA 0042015c     MSVCMRT:mstartup.obj
 0002:00000160       ?InitializedPerAppDomain$initializer$@CurrentDomain@<CrtImplementationDetails>@@$$Q2P6MXXZA 00420160     MSVCMRT:mstartup.obj
 0002:00000164       ___xc_ma_z                 00420164     MSVCMRT:mstartup.obj
 0002:00000168       ___xc_mp_a                 00420168     MSVCMRT:mstartup.obj
 0002:0000016c       ?_Generic_object$initializer$@?$_Error_objects@H@std@@2P6MXXZA 0042016c     classroomlist.obj
 0002:00000170       ?_Iostream_object$initializer$@?$_Error_objects@H@std@@2P6MXXZA 00420170     classroomlist.obj
 0002:00000174       ?_System_object$initializer$@?$_Error_objects@H@std@@2P6MXXZA 00420174     classroomlist.obj
 0002:00000178       ?id$initializer$@?$num_put@DV?$back_insert_iterator@V?$basic_string@DU?$char_traits@D@std@@V?$allocator@D@2@@std@@@std@@@std@@2P6MXXZA 00420178     classroomlist.obj
 0002:0000017c       ?id$initializer$@?$num_put@_WV?$back_insert_iterator@V?$basic_string@_WU?$char_traits@_W@std@@V?$allocator@_W@2@@std@@@std@@@std@@2P6MXXZA 0042017c     classroomlist.obj
 0002:00000180       ___xc_mp_z                 00420180     MSVCMRT:mstartup.obj
 0002:00000184       ___xi_vt_a                 00420184     MSVCMRT:mstartup.obj
 0002:00000188       ___xi_vt_z                 00420188     MSVCMRT:mstartup.obj
 0002:00000504       _GS_ExceptionPointers      00420504     MSVCRT:gs_report.obj
 0002:0017e0d8       __sehtable$??_M@YGXPAXIHP6EX0@Z@Z 0059e0d8     MSVCRT:ehvecdtr.obj
 0002:0017e0f8       __sehtable$?__ArrayUnwind@@YGXPAXIHP6EX0@Z@Z 0059e0f8     MSVCRT:ehvecdtr.obj
 0002:0017e118       __sehtable$__onexit        0059e118     MSVCRT:atonexit.obj
 0002:0017e168       __sehtable$?_com_invoke_helper@@YAJPAUIDispatch@@JGGPAXPB_WPADPAPAUIErrorInfo@@@Z 0059e168     comsuppw:invkprxy.obj
 0002:0017e390       .idata$6                   0059e390     MSVCRT:MSVCR120.dll
 0002:0017e454       .idata$6                   0059e454     kernel32:KERNEL32.dll
 0002:0017e4cc       .idata$6                   0059e4cc     Winmm:WINMM.dll
 0002:0017e58c       .idata$6                   0059e58c     msvcprt:MSVCP120.dll
 0002:0017e77e       .idata$6                   0059e77e     oleaut32:OLEAUT32.dll
 0002:0017e85e       .idata$6                   0059e85e     MSCOREE:mscoree.dll
 0003:000007dc       _allocator_arg             0059f7dc     classroomlist.obj
 0003:000007dd       _piecewise_construct       0059f7dd     classroomlist.obj
 0003:00001b98       _allocator_arg             005a0b98     Root.obj
 0003:00001b99       _piecewise_construct       005a0b99     Root.obj
 0003:00001ba0       _GS_ExceptionRecord        005a0ba0     MSVCRT:gs_report.obj
 0003:00001bf0       _GS_ContextRecord          005a0bf0     MSVCRT:gs_report.obj
 0003:00001ebc       _DebuggerWasPresent        005a0ebc     MSVCRT:gs_report.obj
 0003:00001fcc       ___onexitbegin_m           005a0fcc     MSVCMRT:msilexit.obj
 0003:00001fd0       ___onexitend_m             005a0fd0     MSVCMRT:msilexit.obj
 0003:00001fd4       ___exit_list_size          005a0fd4     MSVCMRT:msilexit.obj
 0004:00000060       $R000000                   005a2060     CS346_A2.res
